Archive member included to satisfy reference by file (symbol)

C:/Program Files/SEGGER/SEGGER Embedded Studio for ARM 5.20a/lib/libm_v7em_fpv4_sp_d16_hard_t_le_eabi.a(libm_asm.o)
                              Output/Debug/Obj/twi_sensor_pca10040/bno055.o (__aeabi_ddiv)
C:/Program Files/SEGGER/SEGGER Embedded Studio for ARM 5.20a/lib/libc_v7em_fpv4_sp_d16_hard_t_le_eabi.a(libc2.o)
                              Output/Debug/Obj/twi_sensor_pca10040/nrf_log_str_formatter.o (isprint)
C:/Program Files/SEGGER/SEGGER Embedded Studio for ARM 5.20a/lib/libc_v7em_fpv4_sp_d16_hard_t_le_eabi.a(libc2_asm.o)
                              Output/Debug/Obj/twi_sensor_pca10040/nrf_log_frontend.o (memcpy)
C:/Program Files/SEGGER/SEGGER Embedded Studio for ARM 5.20a/lib/libc_v7em_fpv4_sp_d16_hard_t_le_eabi.a(libvfprintf.o)
                              (__vfprintf_long)
C:/Program Files/SEGGER/SEGGER Embedded Studio for ARM 5.20a/lib/libc_v7em_fpv4_sp_d16_hard_t_le_eabi.a(libvfscanf.o)
                              (__vfscanf_long)
C:/Program Files/SEGGER/SEGGER Embedded Studio for ARM 5.20a/lib/libc_v7em_fpv4_sp_d16_hard_t_le_eabi.a(libc.o)
                              C:/Program Files/SEGGER/SEGGER Embedded Studio for ARM 5.20a/lib/libc_v7em_fpv4_sp_d16_hard_t_le_eabi.a(libc2.o) (__heap_lock)
C:/Program Files/SEGGER/SEGGER Embedded Studio for ARM 5.20a/lib/libc_v7em_fpv4_sp_d16_hard_t_le_eabi.a(libc_asm.o)
                              C:/Program Files/SEGGER/SEGGER Embedded Studio for ARM 5.20a/lib/libc_v7em_fpv4_sp_d16_hard_t_le_eabi.a(libc2.o) (__aeabi_uldivmod)
C:/Program Files/SEGGER/SEGGER Embedded Studio for ARM 5.20a/lib/libdebugio_v7em_fpv4_sp_d16_hard_t_le_eabi.a(libdebugio.o)
                              Output/Debug/Obj/twi_sensor_pca10040/thumb_crt0.o (debug_fopen)
C:/Program Files/SEGGER/SEGGER Embedded Studio for ARM 5.20a/lib/libdebugio_v7em_fpv4_sp_d16_hard_t_le_eabi.a(do_nv_debug_operation.o)
                              C:/Program Files/SEGGER/SEGGER Embedded Studio for ARM 5.20a/lib/libdebugio_v7em_fpv4_sp_d16_hard_t_le_eabi.a(libdebugio.o) (__do_nvdebug_operation)
C:/Program Files/SEGGER/SEGGER Embedded Studio for ARM 5.20a/lib/libdebugio_v7em_fpv4_sp_d16_hard_t_le_eabi.a(mempoll_debug_operations.o)
                              (__do_debug_operation_mempoll)
C:/Program Files/SEGGER/SEGGER Embedded Studio for ARM 5.20a/lib/libm_v7em_fpv4_sp_d16_hard_t_le_eabi.a(libm2.o)
                              C:/Program Files/SEGGER/SEGGER Embedded Studio for ARM 5.20a/lib/libc_v7em_fpv4_sp_d16_hard_t_le_eabi.a(libvfprintf.o) (frexp)

Discarded input sections

 .text          0x0000000000000000        0x0 Output/Debug/Obj/twi_sensor_pca10040/thumb_crt0.o
 .data          0x0000000000000000        0x0 Output/Debug/Obj/twi_sensor_pca10040/thumb_crt0.o
 .bss           0x0000000000000000        0x0 Output/Debug/Obj/twi_sensor_pca10040/thumb_crt0.o
 .text.__aeabi_read_tp
                0x0000000000000000        0x8 Output/Debug/Obj/twi_sensor_pca10040/thumb_crt0.o
 .text.abort    0x0000000000000000        0x2 Output/Debug/Obj/twi_sensor_pca10040/thumb_crt0.o
 .text.__assert
                0x0000000000000000        0x2 Output/Debug/Obj/twi_sensor_pca10040/thumb_crt0.o
 .text.__assert_func
                0x0000000000000000        0x2 Output/Debug/Obj/twi_sensor_pca10040/thumb_crt0.o
 .text.__aeabi_assert
                0x0000000000000000        0x2 Output/Debug/Obj/twi_sensor_pca10040/thumb_crt0.o
 .text.__sync_synchronize
                0x0000000000000000        0x2 Output/Debug/Obj/twi_sensor_pca10040/thumb_crt0.o
 .text.__getchar
                0x0000000000000000        0x4 Output/Debug/Obj/twi_sensor_pca10040/thumb_crt0.o
 .text.__putchar
                0x0000000000000000        0x4 Output/Debug/Obj/twi_sensor_pca10040/thumb_crt0.o
 .text.__open   0x0000000000000000        0x4 Output/Debug/Obj/twi_sensor_pca10040/thumb_crt0.o
 .text.__close  0x0000000000000000        0x4 Output/Debug/Obj/twi_sensor_pca10040/thumb_crt0.o
 .text.__write  0x0000000000000000        0xa Output/Debug/Obj/twi_sensor_pca10040/thumb_crt0.o
 .text.__read   0x0000000000000000        0xa Output/Debug/Obj/twi_sensor_pca10040/thumb_crt0.o
 .text.__seek   0x0000000000000000       0x1a Output/Debug/Obj/twi_sensor_pca10040/thumb_crt0.o
 .text.remove   0x0000000000000000        0x4 Output/Debug/Obj/twi_sensor_pca10040/thumb_crt0.o
 .text.rename   0x0000000000000000        0x4 Output/Debug/Obj/twi_sensor_pca10040/thumb_crt0.o
 .bss.__user_locale_name_buffer
                0x0000000000000000        0x4 Output/Debug/Obj/twi_sensor_pca10040/thumb_crt0.o
 .stack         0x0000000000000000        0x0 Output/Debug/Obj/twi_sensor_pca10040/thumb_crt0.o
 .stack_process
                0x0000000000000000        0x0 Output/Debug/Obj/twi_sensor_pca10040/thumb_crt0.o
 .heap          0x0000000000000000        0x0 Output/Debug/Obj/twi_sensor_pca10040/thumb_crt0.o
[...]
Memory Configuration

Name             Origin             Length             Attributes
UNPLACED_SECTIONS 0x0000000100000000 0x0000000000000000 xw
RAM              0x0000000020000000 0x0000000000010000 xw
FLASH            0x0000000000000000 0x0000000000080000 xw
*default*        0x0000000000000000 0xffffffffffffffff

Linker script and memory map

                0x0000000000000000                __do_debug_operation = __do_debug_operation_mempoll
                0x0000000000000000                __vfprintf = __vfprintf_long
                0x0000000000000000                __vfscanf = __vfscanf_long
                0x0000000020000000                __RAM_segment_start__ = 0x20000000
                0x0000000020010000                __RAM_segment_end__ = 0x20010000
                0x0000000000010000                __RAM_segment_size__ = 0x10000
                0x0000000000000000                __FLASH_segment_start__ = 0x0
                0x0000000000080000                __FLASH_segment_end__ = 0x80000
                0x0000000000080000                __FLASH_segment_size__ = 0x80000
                0x0000000000002000                __HEAPSIZE__ = 0x2000
                0x0000000000000000                __STACKSIZE_PROCESS__ = 0x0
                0x0000000000002000                __STACKSIZE__ = 0x2000
                0x0000000020000000                __vectors_ram_load_start__ = 0x20000000

.vectors_ram    0x0000000020000000        0x0
                0x0000000020000000                __vectors_ram_start__ = .
                0x0000000020000000                __app_ram_start__ = __vectors_ram_start__
 *(.vectors_ram .vectors_ram.*)
                0x0000000020000000                __vectors_ram_end__ = (__vectors_ram_start__ + SIZEOF (.vectors_ram))
                0x0000000000000000                __vectors_ram_size__ = SIZEOF (.vectors_ram)
                0x0000000020000000                __vectors_ram_load_end__ = __vectors_ram_end__
                0x0000000000000001                . = ASSERT (((__vectors_ram_start__ == __vectors_ram_end__) || ((__vectors_ram_end__ - __RAM_segment_start__) <= __RAM_segment_size__)), error: .vectors_ram is too large to fit in RAM memory segment)
                0x0000000020000000                __nrf_sections_run_load_start__ = ALIGN (__vectors_ram_end__, 0x4)

.nrf_sections_run
                0x0000000020000000        0x0
                0x0000000020000000                __nrf_sections_run_start__ = .
                0x0000000020000000                __start_nrf_sections_run = __nrf_sections_run_start__
 *(.nrf_sections_run .nrf_sections_run.*)
                0x0000000020000000                __nrf_sections_run_end__ = (__nrf_sections_run_start__ + SIZEOF (.nrf_sections_run))
                0x0000000000000000                __nrf_sections_run_size__ = SIZEOF (.nrf_sections_run)
                0x0000000020000000                __nrf_sections_run_load_end__ = __nrf_sections_run_end__
                0x0000000000000001                . = ASSERT (((__nrf_sections_run_start__ == __nrf_sections_run_end__) || ((__nrf_sections_run_end__ - __RAM_segment_start__) <= __RAM_segment_size__)), error: .nrf_sections_run is too large to fit in RAM memory segment)
                0x0000000000000000                __vectors_load_start__ = 0x0

.vectors        0x0000000000000000      0x200
                0x0000000000000000                __vectors_start__ = .
 *(.vectors .vectors.*)
 .vectors       0x0000000000000000      0x200 Output/Debug/Obj/twi_sensor_pca10040/ses_startup_nrf52.o
                0x0000000000000000                _vectors
                0x0000000000000200                __vectors_end__ = (__vectors_start__ + SIZEOF (.vectors))
                0x0000000000000200                __vectors_size__ = SIZEOF (.vectors)
                0x0000000000000200                __vectors_load_end__ = __vectors_end__
                0x0000000000000001                . = ASSERT (((__vectors_start__ == __vectors_end__) || ((__vectors_end__ - __FLASH_segment_start__) <= __FLASH_segment_size__)), error: .vectors is too large to fit in FLASH memory segment)
                0x0000000000000200                __init_load_start__ = ALIGN (__vectors_end__, 0x4)

.init           0x0000000000000200      0x1d0
                0x0000000000000200                __init_start__ = .
 *(.init .init.*)
 .init          0x0000000000000200      0x15c Output/Debug/Obj/twi_sensor_pca10040/thumb_crt0.o
                0x0000000000000200                _start
                0x00000000000002b4                exit
 .init          0x000000000000035c       0x18 Output/Debug/Obj/twi_sensor_pca10040/ses_startup_nrf52.o
                0x000000000000035c                NMI_Handler
                0x000000000000035e                HardFault_Handler
                0x0000000000000360                MemoryManagement_Handler
                0x0000000000000362                BusFault_Handler
                0x0000000000000364                UsageFault_Handler
                0x0000000000000366                SVC_Handler
                0x0000000000000368                DebugMon_Handler
                0x000000000000036a                PendSV_Handler
                0x000000000000036c                SysTick_Handler
                0x000000000000036e                PWM1_IRQHandler
                0x000000000000036e                SWI0_EGU0_IRQHandler
                0x000000000000036e                POWER_CLOCK_IRQHandler
                0x000000000000036e                RADIO_IRQHandler
                0x000000000000036e                PDM_IRQHandler
                0x000000000000036e                TEMP_IRQHandler
                0x000000000000036e                QDEC_IRQHandler
                0x000000000000036e                RTC0_IRQHandler
                0x000000000000036e                FPU_IRQHandler
                0x000000000000036e                SWI2_EGU2_IRQHandler
                0x000000000000036e                TIMER4_IRQHandler
                0x000000000000036e                I2S_IRQHandler
                0x000000000000036e                SWI4_EGU4_IRQHandler
                0x000000000000036e                TIMER0_IRQHandler
                0x000000000000036e                Dummy_Handler
                0x000000000000036e                TIMER1_IRQHandler
                0x000000000000036e                PWM2_IRQHandler
                0x000000000000036e                ECB_IRQHandler
                0x000000000000036e                SPIM1_SPIS1_TWIM1_TWIS1_SPI1_TWI1_IRQHandler
                0x000000000000036e                SAADC_IRQHandler
                0x000000000000036e                CCM_AAR_IRQHandler
                0x000000000000036e                WDT_IRQHandler
                0x000000000000036e                TIMER3_IRQHandler
                0x000000000000036e                SWI5_EGU5_IRQHandler
                0x000000000000036e                RNG_IRQHandler
                0x000000000000036e                RTC2_IRQHandler
                0x000000000000036e                PWM0_IRQHandler
                0x000000000000036e                SWI3_EGU3_IRQHandler
                0x000000000000036e                RTC1_IRQHandler
                0x000000000000036e                SWI1_EGU1_IRQHandler
                0x000000000000036e                SPIM2_SPIS2_SPI2_IRQHandler
                0x000000000000036e                NFCT_IRQHandler
                0x000000000000036e                TIMER2_IRQHandler
                0x000000000000036e                MWU_IRQHandler
                0x000000000000036e                COMP_LPCOMP_IRQHandler
                0x0000000000000370                nRFInitialize
 .init          0x0000000000000374       0x5c Output/Debug/Obj/twi_sensor_pca10040/ses_startup_nrf_common.o
                0x0000000000000374                Reset_Handler
                0x0000000000000378                afterInitialize
                0x000000000000039c                InitializeUserMemorySections
                0x00000000000003d0                __init_end__ = (__init_start__ + SIZEOF (.init))
                0x00000000000001d0                __init_size__ = SIZEOF (.init)
                0x00000000000003d0                __init_load_end__ = __init_end__
                0x0000000000000001                . = ASSERT (((__init_start__ == __init_end__) || ((__init_end__ - __FLASH_segment_start__) <= __FLASH_segment_size__)), error: .init is too large to fit in FLASH memory segment)
                0x00000000000003d0                __init_rodata_load_start__ = ALIGN (__init_end__, 0x4)

.init_rodata    0x00000000000003d0        0x0
                0x00000000000003d0                __init_rodata_start__ = .
 *(.init_rodata .init_rodata.*)
                0x00000000000003d0                __init_rodata_end__ = (__init_rodata_start__ + SIZEOF (.init_rodata))
                0x0000000000000000                __init_rodata_size__ = SIZEOF (.init_rodata)
                0x00000000000003d0                __init_rodata_load_end__ = __init_rodata_end__
                0x0000000000000001                . = ASSERT (((__init_rodata_start__ == __init_rodata_end__) || ((__init_rodata_end__ - __FLASH_segment_start__) <= __FLASH_segment_size__)), error: .init_rodata is too large to fit in FLASH memory segment)
                0x00000000000003d0                __text_load_start__ = ALIGN (__init_rodata_end__, 0x4)

.text           0x00000000000003d0     0x8236
                0x00000000000003d0                __text_start__ = .
 *(.text .text.* .glue_7t .glue_7 .gnu.linkonce.t.* .gcc_except_table .ARM.extab* .gnu.linkonce.armextab.*)
 .glue_7        0x00000000000003d0        0x0 linker stubs
 .glue_7t       0x00000000000003d0        0x0 linker stubs
 .text.nrfx_coredep_delay_us
                0x00000000000003d0       0x30 Output/Debug/Obj/twi_sensor_pca10040/nrf_log_backend_rtt.o
 .text.nrf_delay_ms
                0x0000000000000400       0x2a Output/Debug/Obj/twi_sensor_pca10040/nrf_log_backend_rtt.o
 .text.nrf_log_backend_rtt_init
                0x000000000000042a        0xa Output/Debug/Obj/twi_sensor_pca10040/nrf_log_backend_rtt.o
                0x000000000000042a                nrf_log_backend_rtt_init
 .text.serial_tx
                0x0000000000000434       0x84 Output/Debug/Obj/twi_sensor_pca10040/nrf_log_backend_rtt.o
 .text.nrf_log_backend_rtt_put
                0x00000000000004b8       0x28 Output/Debug/Obj/twi_sensor_pca10040/nrf_log_backend_rtt.o
 .text.nrf_log_backend_rtt_flush
                0x00000000000004e0        0xa Output/Debug/Obj/twi_sensor_pca10040/nrf_log_backend_rtt.o
 .text.nrf_log_backend_rtt_panic_set
                0x00000000000004ea        0xa Output/Debug/Obj/twi_sensor_pca10040/nrf_log_backend_rtt.o
 .text.nrf_log_backend_serial_put
                0x00000000000004f4      0x124 Output/Debug/Obj/twi_sensor_pca10040/nrf_log_backend_serial.o
                0x00000000000004f4                nrf_log_backend_serial_put
 .text.nrf_drv_uart_uninit
                0x0000000000000618       0x44 Output/Debug/Obj/twi_sensor_pca10040/nrf_log_backend_uart.o
 .text.nrf_drv_uart_tx
                0x000000000000065c       0x64 Output/Debug/Obj/twi_sensor_pca10040/nrf_log_backend_uart.o
 .text.uart_evt_handler
                0x00000000000006c0       0x18 Output/Debug/Obj/twi_sensor_pca10040/nrf_log_backend_uart.o
 .text.uart_init
                0x00000000000006d8       0x88 Output/Debug/Obj/twi_sensor_pca10040/nrf_log_backend_uart.o
 .text.nrf_log_backend_uart_init
                0x0000000000000760       0x1c Output/Debug/Obj/twi_sensor_pca10040/nrf_log_backend_uart.o
                0x0000000000000760                nrf_log_backend_uart_init
 .text.serial_tx
                0x000000000000077c       0x6c Output/Debug/Obj/twi_sensor_pca10040/nrf_log_backend_uart.o
 .text.nrf_log_backend_uart_put
                0x00000000000007e8       0x28 Output/Debug/Obj/twi_sensor_pca10040/nrf_log_backend_uart.o
 .text.nrf_log_backend_uart_flush
                0x0000000000000810        0xa Output/Debug/Obj/twi_sensor_pca10040/nrf_log_backend_uart.o
 *fill*         0x000000000000081a        0x2 
 .text.nrf_log_backend_uart_panic_set
                0x000000000000081c       0x20 Output/Debug/Obj/twi_sensor_pca10040/nrf_log_backend_uart.o
 .text.nrf_log_backend_enable
                0x000000000000083c       0x12 Output/Debug/Obj/twi_sensor_pca10040/nrf_log_default_backends.o
 *fill*         0x000000000000084e        0x2 
 .text.nrf_log_default_backends_init
                0x0000000000000850       0x64 Output/Debug/Obj/twi_sensor_pca10040/nrf_log_default_backends.o
                0x0000000000000850                nrf_log_default_backends_init
 .text.nrf_log_backend_put
                0x00000000000008b4       0x1c Output/Debug/Obj/twi_sensor_pca10040/nrf_log_frontend.o
 .text.nrf_log_backend_panic_set
                0x00000000000008d0       0x18 Output/Debug/Obj/twi_sensor_pca10040/nrf_log_frontend.o
 .text.nrf_log_backend_flush
                0x00000000000008e8       0x18 Output/Debug/Obj/twi_sensor_pca10040/nrf_log_frontend.o
 .text.nrf_log_backend_id_set
                0x0000000000000900       0x1a Output/Debug/Obj/twi_sensor_pca10040/nrf_log_frontend.o
 .text.nrf_log_backend_id_get
                0x000000000000091a       0x10 Output/Debug/Obj/twi_sensor_pca10040/nrf_log_frontend.o
 .text.nrf_log_backend_enable
                0x000000000000092a       0x12 Output/Debug/Obj/twi_sensor_pca10040/nrf_log_frontend.o
 .text.nrf_log_backend_is_enabled
                0x000000000000093c       0x10 Output/Debug/Obj/twi_sensor_pca10040/nrf_log_frontend.o
 .text.nrf_log_init
                0x000000000000094c       0x74 Output/Debug/Obj/twi_sensor_pca10040/nrf_log_frontend.o
                0x000000000000094c                nrf_log_init
 .text.nrf_log_module_cnt_get
                0x00000000000009c0       0x14 Output/Debug/Obj/twi_sensor_pca10040/nrf_log_frontend.o
                0x00000000000009c0                nrf_log_module_cnt_get
 .text.module_idx_get
                0x00000000000009d4       0x64 Output/Debug/Obj/twi_sensor_pca10040/nrf_log_frontend.o
 .text.nrf_log_module_name_get
                0x0000000000000a38       0x40 Output/Debug/Obj/twi_sensor_pca10040/nrf_log_frontend.o
                0x0000000000000a38                nrf_log_module_name_get
 .text.nrf_log_color_id_get
                0x0000000000000a78       0x70 Output/Debug/Obj/twi_sensor_pca10040/nrf_log_frontend.o
                0x0000000000000a78                nrf_log_color_id_get
 .text.invalid_packets_omit
                0x0000000000000ae8       0x6e Output/Debug/Obj/twi_sensor_pca10040/nrf_log_frontend.o
 *fill*         0x0000000000000b56        0x2 
 .text.log_skip
                0x0000000000000b58      0x114 Output/Debug/Obj/twi_sensor_pca10040/nrf_log_frontend.o
 .text.dropped_sat16_get
                0x0000000000000c6c       0x28 Output/Debug/Obj/twi_sensor_pca10040/nrf_log_frontend.o
 .text.std_header_set
                0x0000000000000c94       0xb4 Output/Debug/Obj/twi_sensor_pca10040/nrf_log_frontend.o
 .text.buf_prealloc
                0x0000000000000d48      0x124 Output/Debug/Obj/twi_sensor_pca10040/nrf_log_frontend.o
 .text.std_n    0x0000000000000e6c       0x90 Output/Debug/Obj/twi_sensor_pca10040/nrf_log_frontend.o
 .text.nrf_log_frontend_std_0
                0x0000000000000efc       0x1c Output/Debug/Obj/twi_sensor_pca10040/nrf_log_frontend.o
                0x0000000000000efc                nrf_log_frontend_std_0
 .text.nrf_log_frontend_std_1
                0x0000000000000f18       0x22 Output/Debug/Obj/twi_sensor_pca10040/nrf_log_frontend.o
                0x0000000000000f18                nrf_log_frontend_std_1
 .text.nrf_log_frontend_std_2
                0x0000000000000f3a       0x28 Output/Debug/Obj/twi_sensor_pca10040/nrf_log_frontend.o
                0x0000000000000f3a                nrf_log_frontend_std_2
 .text.nrf_log_frontend_std_3
                0x0000000000000f62       0x2c Output/Debug/Obj/twi_sensor_pca10040/nrf_log_frontend.o
                0x0000000000000f62                nrf_log_frontend_std_3
 .text.nrf_log_frontend_std_5
                0x0000000000000f8e       0x34 Output/Debug/Obj/twi_sensor_pca10040/nrf_log_frontend.o
                0x0000000000000f8e                nrf_log_frontend_std_5
 *fill*         0x0000000000000fc2        0x2 
 .text.buffer_is_empty
                0x0000000000000fc4       0x1c Output/Debug/Obj/twi_sensor_pca10040/nrf_log_frontend.o
                0x0000000000000fc4                buffer_is_empty
 .text.nrf_log_frontend_dequeue
                0x0000000000000fe0      0x39c Output/Debug/Obj/twi_sensor_pca10040/nrf_log_frontend.o
                0x0000000000000fe0                nrf_log_frontend_dequeue
 .text.backend_id_assign
                0x000000000000137c       0x68 Output/Debug/Obj/twi_sensor_pca10040/nrf_log_frontend.o
 .text.nrf_log_backend_add
                0x00000000000013e4       0x70 Output/Debug/Obj/twi_sensor_pca10040/nrf_log_frontend.o
                0x00000000000013e4                nrf_log_backend_add
 .text.nrf_log_panic
                0x0000000000001454       0x40 Output/Debug/Obj/twi_sensor_pca10040/nrf_log_frontend.o
                0x0000000000001454                nrf_log_panic
 .text.timestamp_print
                0x0000000000001494        0xc Output/Debug/Obj/twi_sensor_pca10040/nrf_log_str_formatter.o
 .text.prefix_process
                0x00000000000014a0       0xb0 Output/Debug/Obj/twi_sensor_pca10040/nrf_log_str_formatter.o
 .text.postfix_process
                0x0000000000001550       0x60 Output/Debug/Obj/twi_sensor_pca10040/nrf_log_str_formatter.o
 .text.nrf_log_std_entry_process
                0x00000000000015b0      0x144 Output/Debug/Obj/twi_sensor_pca10040/nrf_log_str_formatter.o
                0x00000000000015b0                nrf_log_std_entry_process
 .text.nrf_log_hexdump_entry_process
                0x00000000000016f4       0xf0 Output/Debug/Obj/twi_sensor_pca10040/nrf_log_str_formatter.o
                0x00000000000016f4                nrf_log_hexdump_entry_process
 .text.nrf_gpio_pin_port_decode
                0x00000000000017e4       0x28 Output/Debug/Obj/twi_sensor_pca10040/boards.o
 .text.nrf_gpio_cfg
                0x000000000000180c       0x62 Output/Debug/Obj/twi_sensor_pca10040/boards.o
 .text.nrf_gpio_cfg_output
                0x000000000000186e       0x22 Output/Debug/Obj/twi_sensor_pca10040/boards.o
 .text.nrf_gpio_cfg_input
                0x0000000000001890       0x2a Output/Debug/Obj/twi_sensor_pca10040/boards.o
 .text.nrf_gpio_pin_set
                0x00000000000018ba       0x28 Output/Debug/Obj/twi_sensor_pca10040/boards.o
 .text.nrf_gpio_pin_clear
                0x00000000000018e2       0x28 Output/Debug/Obj/twi_sensor_pca10040/boards.o
 .text.nrf_gpio_pin_write
                0x000000000000190a       0x24 Output/Debug/Obj/twi_sensor_pca10040/boards.o
 .text.nrf_gpio_port_out_set
                0x000000000000192e       0x14 Output/Debug/Obj/twi_sensor_pca10040/boards.o
 .text.nrf_gpio_port_out_clear
                0x0000000000001942       0x14 Output/Debug/Obj/twi_sensor_pca10040/boards.o
 *fill*         0x0000000000001956        0x2 
 .text.bsp_board_led_on
                0x0000000000001958       0x34 Output/Debug/Obj/twi_sensor_pca10040/boards.o
                0x0000000000001958                bsp_board_led_on
 .text.bsp_board_led_off
                0x000000000000198c       0x34 Output/Debug/Obj/twi_sensor_pca10040/boards.o
                0x000000000000198c                bsp_board_led_off
 .text.bsp_board_leds_off
                0x00000000000019c0       0x26 Output/Debug/Obj/twi_sensor_pca10040/boards.o
                0x00000000000019c0                bsp_board_leds_off
 *fill*         0x00000000000019e6        0x2 
 .text.bsp_board_leds_init
                0x00000000000019e8       0x34 Output/Debug/Obj/twi_sensor_pca10040/boards.o
 .text.bsp_board_buttons_init
                0x0000000000001a1c       0x34 Output/Debug/Obj/twi_sensor_pca10040/boards.o
 .text.bsp_board_init
                0x0000000000001a50       0x2a Output/Debug/Obj/twi_sensor_pca10040/boards.o
                0x0000000000001a50                bsp_board_init
 *fill*         0x0000000000001a7a        0x2 
 .text.app_error_save_and_stop
                0x0000000000001a7c       0x9c Output/Debug/Obj/twi_sensor_pca10040/app_error.o
                0x0000000000001a7c                app_error_save_and_stop
 .text.app_error_handler
                0x0000000000001b18       0x1c Output/Debug/Obj/twi_sensor_pca10040/app_error_handler_gcc.o
                0x0000000000001b18                app_error_handler
 .text.app_error_fault_handler
                0x0000000000001b34      0x104 Output/Debug/Obj/twi_sensor_pca10040/app_error_weak.o
                0x0000000000001b34                app_error_fault_handler
 .text.app_util_disable_irq
                0x0000000000001c38       0x18 Output/Debug/Obj/twi_sensor_pca10040/app_util_platform.o
                0x0000000000001c38                app_util_disable_irq
 .text.app_util_enable_irq
                0x0000000000001c50       0x20 Output/Debug/Obj/twi_sensor_pca10040/app_util_platform.o
                0x0000000000001c50                app_util_enable_irq
 .text.app_util_critical_region_enter
                0x0000000000001c70       0x28 Output/Debug/Obj/twi_sensor_pca10040/app_util_platform.o
                0x0000000000001c70                app_util_critical_region_enter
 .text.app_util_critical_region_exit
                0x0000000000001c98       0x2c Output/Debug/Obj/twi_sensor_pca10040/app_util_platform.o
                0x0000000000001c98                app_util_critical_region_exit
 .text.privilege_level_get
                0x0000000000001cc4       0x3a Output/Debug/Obj/twi_sensor_pca10040/app_util_platform.o
                0x0000000000001cc4                privilege_level_get
 .text.assert_nrf_callback
                0x0000000000001cfe       0x2e Output/Debug/Obj/twi_sensor_pca10040/nrf_assert.o
                0x0000000000001cfe                assert_nrf_callback
 .text.nrf_atomic_u32_fetch_store
                0x0000000000001d2c       0x2e Output/Debug/Obj/twi_sensor_pca10040/nrf_atomic.o
                0x0000000000001d2c                nrf_atomic_u32_fetch_store
 .text.nrf_atomic_u32_or
                0x0000000000001d5a       0x30 Output/Debug/Obj/twi_sensor_pca10040/nrf_atomic.o
                0x0000000000001d5a                nrf_atomic_u32_or
 .text.nrf_atomic_u32_fetch_and
                0x0000000000001d8a       0x30 Output/Debug/Obj/twi_sensor_pca10040/nrf_atomic.o
                0x0000000000001d8a                nrf_atomic_u32_fetch_and
 .text.nrf_atomic_u32_add
                0x0000000000001dba       0x30 Output/Debug/Obj/twi_sensor_pca10040/nrf_atomic.o
                0x0000000000001dba                nrf_atomic_u32_add
 .text.nrf_atomic_u32_sub
                0x0000000000001dea       0x30 Output/Debug/Obj/twi_sensor_pca10040/nrf_atomic.o
                0x0000000000001dea                nrf_atomic_u32_sub
 .text.nrf_atomic_flag_set
                0x0000000000001e1a       0x18 Output/Debug/Obj/twi_sensor_pca10040/nrf_atomic.o
                0x0000000000001e1a                nrf_atomic_flag_set
 .text.nrf_atomic_flag_clear_fetch
                0x0000000000001e32       0x18 Output/Debug/Obj/twi_sensor_pca10040/nrf_atomic.o
                0x0000000000001e32                nrf_atomic_flag_clear_fetch
 *fill*         0x0000000000001e4a        0x2 
 .text.nrf_balloc_idx2block
                0x0000000000001e4c       0x38 Output/Debug/Obj/twi_sensor_pca10040/nrf_balloc.o
 .text.nrf_balloc_block2idx
                0x0000000000001e84       0x34 Output/Debug/Obj/twi_sensor_pca10040/nrf_balloc.o
 .text.nrf_balloc_init
                0x0000000000001eb8       0xb8 Output/Debug/Obj/twi_sensor_pca10040/nrf_balloc.o
                0x0000000000001eb8                nrf_balloc_init
 .text.nrf_balloc_alloc
                0x0000000000001f70       0x84 Output/Debug/Obj/twi_sensor_pca10040/nrf_balloc.o
                0x0000000000001f70                nrf_balloc_alloc
 .text.nrf_balloc_free
                0x0000000000001ff4       0x58 Output/Debug/Obj/twi_sensor_pca10040/nrf_balloc.o
                0x0000000000001ff4                nrf_balloc_free
 .text.nrf_fprintf_buffer_flush
                0x000000000000204c       0x44 Output/Debug/Obj/twi_sensor_pca10040/nrf_fprintf.o
                0x000000000000204c                nrf_fprintf_buffer_flush
 .text.nrf_fprintf
                0x0000000000002090       0x74 Output/Debug/Obj/twi_sensor_pca10040/nrf_fprintf.o
                0x0000000000002090                nrf_fprintf
 .text.buffer_add
                0x0000000000002104       0x3c Output/Debug/Obj/twi_sensor_pca10040/nrf_fprintf_format.o
 .text.string_print
                0x0000000000002140       0xc2 Output/Debug/Obj/twi_sensor_pca10040/nrf_fprintf_format.o
 *fill*         0x0000000000002202        0x2 
 .text.unsigned_print
                0x0000000000002204      0x130 Output/Debug/Obj/twi_sensor_pca10040/nrf_fprintf_format.o
 .text.int_print
                0x0000000000002334      0x11c Output/Debug/Obj/twi_sensor_pca10040/nrf_fprintf_format.o
 .text.nrf_fprintf_fmt
                0x0000000000002450      0x388 Output/Debug/Obj/twi_sensor_pca10040/nrf_fprintf_format.o
                0x0000000000002450                nrf_fprintf_fmt
 .text.nrf_memobj_pool_init
                0x00000000000027d8       0x16 Output/Debug/Obj/twi_sensor_pca10040/nrf_memobj.o
                0x00000000000027d8                nrf_memobj_pool_init
 .text.nrf_memobj_alloc
                0x00000000000027ee       0xae Output/Debug/Obj/twi_sensor_pca10040/nrf_memobj.o
                0x00000000000027ee                nrf_memobj_alloc
 .text.nrf_memobj_free
                0x000000000000289c       0x74 Output/Debug/Obj/twi_sensor_pca10040/nrf_memobj.o
                0x000000000000289c                nrf_memobj_free
 .text.nrf_memobj_get
                0x0000000000002910       0x1e Output/Debug/Obj/twi_sensor_pca10040/nrf_memobj.o
                0x0000000000002910                nrf_memobj_get
 .text.nrf_memobj_put
                0x000000000000292e       0x34 Output/Debug/Obj/twi_sensor_pca10040/nrf_memobj.o
                0x000000000000292e                nrf_memobj_put
 *fill*         0x0000000000002962        0x2 
 .text.memobj_op
                0x0000000000002964      0x124 Output/Debug/Obj/twi_sensor_pca10040/nrf_memobj.o
 .text.nrf_memobj_write
                0x0000000000002a88       0x3c Output/Debug/Obj/twi_sensor_pca10040/nrf_memobj.o
                0x0000000000002a88                nrf_memobj_write
 .text.nrf_memobj_read
                0x0000000000002ac4       0x40 Output/Debug/Obj/twi_sensor_pca10040/nrf_memobj.o
                0x0000000000002ac4                nrf_memobj_read
 .text.nrf_ringbuf_init
                0x0000000000002b04       0x3a Output/Debug/Obj/twi_sensor_pca10040/nrf_ringbuf.o
                0x0000000000002b04                nrf_ringbuf_init
 *fill*         0x0000000000002b3e        0x2 
 .text.nrf_strerror_get
                0x0000000000002b40       0x28 Output/Debug/Obj/twi_sensor_pca10040/nrf_strerror.o
                0x0000000000002b40                nrf_strerror_get
 .text.nrf_strerror_find
                0x0000000000002b68       0x68 Output/Debug/Obj/twi_sensor_pca10040/nrf_strerror.o
                0x0000000000002b68                nrf_strerror_find
 .text.nrfx_coredep_delay_us
                0x0000000000002bd0       0x30 Output/Debug/Obj/twi_sensor_pca10040/nrf_drv_twi.o
 .text.nrf_gpio_pin_port_decode
                0x0000000000002c00       0x28 Output/Debug/Obj/twi_sensor_pca10040/nrf_drv_twi.o
 .text.nrf_gpio_pin_set
                0x0000000000002c28       0x28 Output/Debug/Obj/twi_sensor_pca10040/nrf_drv_twi.o
 .text.nrf_gpio_pin_clear
                0x0000000000002c50       0x28 Output/Debug/Obj/twi_sensor_pca10040/nrf_drv_twi.o
 .text.nrf_gpio_pin_read
                0x0000000000002c78       0x2a Output/Debug/Obj/twi_sensor_pca10040/nrf_drv_twi.o
 .text.nrf_gpio_port_in_read
                0x0000000000002ca2       0x10 Output/Debug/Obj/twi_sensor_pca10040/nrf_drv_twi.o
 .text.nrf_gpio_port_out_set
                0x0000000000002cb2       0x14 Output/Debug/Obj/twi_sensor_pca10040/nrf_drv_twi.o
 .text.nrf_gpio_port_out_clear
                0x0000000000002cc6       0x14 Output/Debug/Obj/twi_sensor_pca10040/nrf_drv_twi.o
 .text.twi_clear_bus
                0x0000000000002cda       0xde Output/Debug/Obj/twi_sensor_pca10040/nrf_drv_twi.o
 .text.twim_evt_handler
                0x0000000000002db8       0x6c Output/Debug/Obj/twi_sensor_pca10040/nrf_drv_twi.o
 .text.nrf_drv_twi_init
                0x0000000000002e24       0x68 Output/Debug/Obj/twi_sensor_pca10040/nrf_drv_twi.o
                0x0000000000002e24                nrf_drv_twi_init
 .text.uarte_evt_handler
                0x0000000000002e8c       0x50 Output/Debug/Obj/twi_sensor_pca10040/nrf_drv_uart.o
 .text.uart_evt_handler
                0x0000000000002edc       0x50 Output/Debug/Obj/twi_sensor_pca10040/nrf_drv_uart.o
 .text.nrf_drv_uart_init
                0x0000000000002f2c       0xc0 Output/Debug/Obj/twi_sensor_pca10040/nrf_drv_uart.o
                0x0000000000002f2c                nrf_drv_uart_init
 .text.UARTE0_UART0_IRQHandler
                0x0000000000002fec       0x24 Output/Debug/Obj/twi_sensor_pca10040/nrfx_prs.o
                0x0000000000002fec                UARTE0_UART0_IRQHandler
 .text.prs_box_get
                0x0000000000003010       0x20 Output/Debug/Obj/twi_sensor_pca10040/nrfx_prs.o
 .text.nrfx_prs_acquire
                0x0000000000003030       0x74 Output/Debug/Obj/twi_sensor_pca10040/nrfx_prs.o
                0x0000000000003030                nrfx_prs_acquire
 .text.nrfx_prs_release
                0x00000000000030a4       0x3c Output/Debug/Obj/twi_sensor_pca10040/nrfx_prs.o
                0x00000000000030a4                nrfx_prs_release
 .text.NVIC_EnableIRQ
                0x00000000000030e0       0x2c Output/Debug/Obj/twi_sensor_pca10040/nrfx_twim.o
 .text.NVIC_SetPriority
                0x000000000000310c       0x50 Output/Debug/Obj/twi_sensor_pca10040/nrfx_twim.o
 .text.nrfx_is_in_ram
                0x000000000000315c       0x1c Output/Debug/Obj/twi_sensor_pca10040/nrfx_twim.o
 .text.nrfx_get_irq_number
                0x0000000000003178       0x10 Output/Debug/Obj/twi_sensor_pca10040/nrfx_twim.o
 .text._NRFX_IRQ_PRIORITY_SET
                0x0000000000003188       0x40 Output/Debug/Obj/twi_sensor_pca10040/nrfx_twim.o
 .text._NRFX_IRQ_ENABLE
                0x00000000000031c8       0x1c Output/Debug/Obj/twi_sensor_pca10040/nrfx_twim.o
 .text.nrf_twim_task_trigger
                0x00000000000031e4       0x1c Output/Debug/Obj/twi_sensor_pca10040/nrfx_twim.o
 .text.nrf_twim_event_clear
                0x0000000000003200       0x2a Output/Debug/Obj/twi_sensor_pca10040/nrfx_twim.o
 .text.nrf_twim_event_check
                0x000000000000322a       0x24 Output/Debug/Obj/twi_sensor_pca10040/nrfx_twim.o
 .text.nrf_twim_int_enable
                0x000000000000324e       0x14 Output/Debug/Obj/twi_sensor_pca10040/nrfx_twim.o
 .text.nrf_twim_int_disable
                0x0000000000003262       0x14 Output/Debug/Obj/twi_sensor_pca10040/nrfx_twim.o
 .text.nrf_twim_enable
                0x0000000000003276       0x12 Output/Debug/Obj/twi_sensor_pca10040/nrfx_twim.o
 .text.nrf_twim_disable
                0x0000000000003288       0x12 Output/Debug/Obj/twi_sensor_pca10040/nrfx_twim.o
 .text.nrf_twim_pins_set
                0x000000000000329a       0x1e Output/Debug/Obj/twi_sensor_pca10040/nrfx_twim.o
 .text.nrf_twim_frequency_set
                0x00000000000032b8       0x14 Output/Debug/Obj/twi_sensor_pca10040/nrfx_twim.o
 .text.nrf_twim_errorsrc_get_and_clear
                0x00000000000032cc       0x1c Output/Debug/Obj/twi_sensor_pca10040/nrfx_twim.o
 .text.nrf_twim_address_set
                0x00000000000032e8       0x1a Output/Debug/Obj/twi_sensor_pca10040/nrfx_twim.o
 .text.nrf_twim_tx_buffer_set
                0x0000000000003302       0x1e Output/Debug/Obj/twi_sensor_pca10040/nrfx_twim.o
 .text.nrf_twim_rx_buffer_set
                0x0000000000003320       0x1e Output/Debug/Obj/twi_sensor_pca10040/nrfx_twim.o
 .text.nrf_twim_shorts_set
                0x000000000000333e       0x14 Output/Debug/Obj/twi_sensor_pca10040/nrfx_twim.o
 .text.nrf_twim_txd_amount_get
                0x0000000000003352       0x10 Output/Debug/Obj/twi_sensor_pca10040/nrfx_twim.o
 .text.nrf_twim_rxd_amount_get
                0x0000000000003362       0x10 Output/Debug/Obj/twi_sensor_pca10040/nrfx_twim.o
 .text.nrf_twim_tx_list_enable
                0x0000000000003372       0x12 Output/Debug/Obj/twi_sensor_pca10040/nrfx_twim.o
 .text.nrf_twim_tx_list_disable
                0x0000000000003384       0x12 Output/Debug/Obj/twi_sensor_pca10040/nrfx_twim.o
 .text.nrf_twim_rx_list_enable
                0x0000000000003396       0x12 Output/Debug/Obj/twi_sensor_pca10040/nrfx_twim.o
 .text.nrf_twim_rx_list_disable
                0x00000000000033a8       0x12 Output/Debug/Obj/twi_sensor_pca10040/nrfx_twim.o
 *fill*         0x00000000000033ba        0x2 
 .text.nrf_gpio_pin_port_decode
                0x00000000000033bc       0x28 Output/Debug/Obj/twi_sensor_pca10040/nrfx_twim.o
 .text.nrf_gpio_cfg
                0x00000000000033e4       0x62 Output/Debug/Obj/twi_sensor_pca10040/nrfx_twim.o
 .text.twi_process_error
                0x0000000000003446       0x40 Output/Debug/Obj/twi_sensor_pca10040/nrfx_twim.o
 *fill*         0x0000000000003486        0x2 
 .text.xfer_completeness_check
                0x0000000000003488      0x100 Output/Debug/Obj/twi_sensor_pca10040/nrfx_twim.o
 .text.nrfx_twim_init
                0x0000000000003588      0x148 Output/Debug/Obj/twi_sensor_pca10040/nrfx_twim.o
                0x0000000000003588                nrfx_twim_init
 .text.nrfx_twim_enable
                0x00000000000036d0       0x50 Output/Debug/Obj/twi_sensor_pca10040/nrfx_twim.o
                0x00000000000036d0                nrfx_twim_enable
 .text.twim_list_enable_handle
                0x0000000000003720       0x40 Output/Debug/Obj/twi_sensor_pca10040/nrfx_twim.o
 .text.twim_xfer
                0x0000000000003760      0x3ac Output/Debug/Obj/twi_sensor_pca10040/nrfx_twim.o
 .text.nrfx_twim_xfer
                0x0000000000003b0c       0x98 Output/Debug/Obj/twi_sensor_pca10040/nrfx_twim.o
                0x0000000000003b0c                nrfx_twim_xfer
 .text.nrfx_twim_tx
                0x0000000000003ba4       0x50 Output/Debug/Obj/twi_sensor_pca10040/nrfx_twim.o
                0x0000000000003ba4                nrfx_twim_tx
 .text.nrfx_twim_rx
                0x0000000000003bf4       0x44 Output/Debug/Obj/twi_sensor_pca10040/nrfx_twim.o
                0x0000000000003bf4                nrfx_twim_rx
 .text.twim_irq_handler
                0x0000000000003c38      0x234 Output/Debug/Obj/twi_sensor_pca10040/nrfx_twim.o
 .text.SPIM0_SPIS0_TWIM0_TWIS0_SPI0_TWI0_IRQHandler
                0x0000000000003e6c       0x18 Output/Debug/Obj/twi_sensor_pca10040/nrfx_twim.o
                0x0000000000003e6c                SPIM0_SPIS0_TWIM0_TWIS0_SPI0_TWI0_IRQHandler
 .text.NVIC_EnableIRQ
                0x0000000000003e84       0x2c Output/Debug/Obj/twi_sensor_pca10040/nrfx_uart.o
 .text.NVIC_DisableIRQ
                0x0000000000003eb0       0x30 Output/Debug/Obj/twi_sensor_pca10040/nrfx_uart.o
 .text.NVIC_SetPriority
                0x0000000000003ee0       0x50 Output/Debug/Obj/twi_sensor_pca10040/nrfx_uart.o
 .text.nrfx_get_irq_number
                0x0000000000003f30       0x10 Output/Debug/Obj/twi_sensor_pca10040/nrfx_uart.o
 .text._NRFX_IRQ_PRIORITY_SET
                0x0000000000003f40       0x40 Output/Debug/Obj/twi_sensor_pca10040/nrfx_uart.o
 .text._NRFX_IRQ_ENABLE
                0x0000000000003f80       0x1c Output/Debug/Obj/twi_sensor_pca10040/nrfx_uart.o
 .text._NRFX_IRQ_DISABLE
                0x0000000000003f9c       0x1c Output/Debug/Obj/twi_sensor_pca10040/nrfx_uart.o
 .text.nrf_uart_event_clear
                0x0000000000003fb8       0x2a Output/Debug/Obj/twi_sensor_pca10040/nrfx_uart.o
 .text.nrf_uart_event_check
                0x0000000000003fe2       0x24 Output/Debug/Obj/twi_sensor_pca10040/nrfx_uart.o
 .text.nrf_uart_int_enable
                0x0000000000004006       0x14 Output/Debug/Obj/twi_sensor_pca10040/nrfx_uart.o
 .text.nrf_uart_int_enable_check
                0x000000000000401a       0x20 Output/Debug/Obj/twi_sensor_pca10040/nrfx_uart.o
 .text.nrf_uart_int_disable
                0x000000000000403a       0x14 Output/Debug/Obj/twi_sensor_pca10040/nrfx_uart.o
 .text.nrf_uart_errorsrc_get_and_clear
                0x000000000000404e       0x1c Output/Debug/Obj/twi_sensor_pca10040/nrfx_uart.o
 .text.nrf_uart_enable
                0x000000000000406a       0x12 Output/Debug/Obj/twi_sensor_pca10040/nrfx_uart.o
 .text.nrf_uart_disable
                0x000000000000407c       0x12 Output/Debug/Obj/twi_sensor_pca10040/nrfx_uart.o
 .text.nrf_uart_txrx_pins_set
                0x000000000000408e       0x1e Output/Debug/Obj/twi_sensor_pca10040/nrfx_uart.o
 .text.nrf_uart_txrx_pins_disconnect
                0x00000000000040ac       0x1c Output/Debug/Obj/twi_sensor_pca10040/nrfx_uart.o
 .text.nrf_uart_tx_pin_get
                0x00000000000040c8       0x10 Output/Debug/Obj/twi_sensor_pca10040/nrfx_uart.o
 .text.nrf_uart_rx_pin_get
                0x00000000000040d8       0x10 Output/Debug/Obj/twi_sensor_pca10040/nrfx_uart.o
 .text.nrf_uart_rts_pin_get
                0x00000000000040e8       0x10 Output/Debug/Obj/twi_sensor_pca10040/nrfx_uart.o
 .text.nrf_uart_cts_pin_get
                0x00000000000040f8       0x10 Output/Debug/Obj/twi_sensor_pca10040/nrfx_uart.o
 .text.nrf_uart_hwfc_pins_set
                0x0000000000004108       0x1e Output/Debug/Obj/twi_sensor_pca10040/nrfx_uart.o
 .text.nrf_uart_hwfc_pins_disconnect
                0x0000000000004126       0x1c Output/Debug/Obj/twi_sensor_pca10040/nrfx_uart.o
 .text.nrf_uart_rxd_get
                0x0000000000004142       0x12 Output/Debug/Obj/twi_sensor_pca10040/nrfx_uart.o
 .text.nrf_uart_txd_set
                0x0000000000004154       0x1a Output/Debug/Obj/twi_sensor_pca10040/nrfx_uart.o
 .text.nrf_uart_task_trigger
                0x000000000000416e       0x1c Output/Debug/Obj/twi_sensor_pca10040/nrfx_uart.o
 .text.nrf_uart_configure
                0x000000000000418a       0x2a Output/Debug/Obj/twi_sensor_pca10040/nrfx_uart.o
 .text.nrf_uart_baudrate_set
                0x00000000000041b4       0x14 Output/Debug/Obj/twi_sensor_pca10040/nrfx_uart.o
 .text.nrf_gpio_pin_port_decode
                0x00000000000041c8       0x28 Output/Debug/Obj/twi_sensor_pca10040/nrfx_uart.o
 .text.nrf_gpio_cfg
                0x00000000000041f0       0x62 Output/Debug/Obj/twi_sensor_pca10040/nrfx_uart.o
 .text.nrf_gpio_cfg_output
                0x0000000000004252       0x22 Output/Debug/Obj/twi_sensor_pca10040/nrfx_uart.o
 .text.nrf_gpio_cfg_input
                0x0000000000004274       0x2a Output/Debug/Obj/twi_sensor_pca10040/nrfx_uart.o
 .text.nrf_gpio_cfg_default
                0x000000000000429e       0x22 Output/Debug/Obj/twi_sensor_pca10040/nrfx_uart.o
 .text.nrf_gpio_pin_set
                0x00000000000042c0       0x28 Output/Debug/Obj/twi_sensor_pca10040/nrfx_uart.o
 .text.nrf_gpio_port_out_set
                0x00000000000042e8       0x14 Output/Debug/Obj/twi_sensor_pca10040/nrfx_uart.o
 .text.apply_config
                0x00000000000042fc       0xc6 Output/Debug/Obj/twi_sensor_pca10040/nrfx_uart.o
 *fill*         0x00000000000043c2        0x2 
 .text.interrupts_enable
                0x00000000000043c4       0x6c Output/Debug/Obj/twi_sensor_pca10040/nrfx_uart.o
 .text.interrupts_disable
                0x0000000000004430       0x30 Output/Debug/Obj/twi_sensor_pca10040/nrfx_uart.o
 .text.pins_to_default
                0x0000000000004460       0x8a Output/Debug/Obj/twi_sensor_pca10040/nrfx_uart.o
 *fill*         0x00000000000044ea        0x2 
 .text.nrfx_uart_init
                0x00000000000044ec       0xd4 Output/Debug/Obj/twi_sensor_pca10040/nrfx_uart.o
                0x00000000000044ec                nrfx_uart_init
 .text.nrfx_uart_uninit
                0x00000000000045c0       0x5c Output/Debug/Obj/twi_sensor_pca10040/nrfx_uart.o
                0x00000000000045c0                nrfx_uart_uninit
 .text.tx_byte  0x000000000000461c       0x40 Output/Debug/Obj/twi_sensor_pca10040/nrfx_uart.o
 .text.tx_blocking
                0x000000000000465c       0x52 Output/Debug/Obj/twi_sensor_pca10040/nrfx_uart.o
 *fill*         0x00000000000046ae        0x2 
 .text.nrfx_uart_tx
                0x00000000000046b0      0x110 Output/Debug/Obj/twi_sensor_pca10040/nrfx_uart.o
                0x00000000000046b0                nrfx_uart_tx
 .text.nrfx_uart_tx_in_progress
                0x00000000000047c0       0x2c Output/Debug/Obj/twi_sensor_pca10040/nrfx_uart.o
                0x00000000000047c0                nrfx_uart_tx_in_progress
 .text.rx_byte  0x00000000000047ec       0x4e Output/Debug/Obj/twi_sensor_pca10040/nrfx_uart.o
 .text.rx_done_event
                0x000000000000483a       0x2e Output/Debug/Obj/twi_sensor_pca10040/nrfx_uart.o
 .text.tx_done_event
                0x0000000000004868       0x34 Output/Debug/Obj/twi_sensor_pca10040/nrfx_uart.o
 .text.uart_irq_handler
                0x000000000000489c      0x1de Output/Debug/Obj/twi_sensor_pca10040/nrfx_uart.o
 *fill*         0x0000000000004a7a        0x2 
 .text.nrfx_uart_0_irq_handler
                0x0000000000004a7c       0x18 Output/Debug/Obj/twi_sensor_pca10040/nrfx_uart.o
                0x0000000000004a7c                nrfx_uart_0_irq_handler
 .text.NVIC_EnableIRQ
                0x0000000000004a94       0x2c Output/Debug/Obj/twi_sensor_pca10040/nrfx_uarte.o
 .text.NVIC_DisableIRQ
                0x0000000000004ac0       0x30 Output/Debug/Obj/twi_sensor_pca10040/nrfx_uarte.o
 .text.NVIC_SetPriority
                0x0000000000004af0       0x50 Output/Debug/Obj/twi_sensor_pca10040/nrfx_uarte.o
 .text.nrfx_is_in_ram
                0x0000000000004b40       0x1c Output/Debug/Obj/twi_sensor_pca10040/nrfx_uarte.o
 .text.nrfx_get_irq_number
                0x0000000000004b5c       0x10 Output/Debug/Obj/twi_sensor_pca10040/nrfx_uarte.o
 .text._NRFX_IRQ_PRIORITY_SET
                0x0000000000004b6c       0x40 Output/Debug/Obj/twi_sensor_pca10040/nrfx_uarte.o
 .text._NRFX_IRQ_ENABLE
                0x0000000000004bac       0x1c Output/Debug/Obj/twi_sensor_pca10040/nrfx_uarte.o
 .text._NRFX_IRQ_DISABLE
                0x0000000000004bc8       0x1c Output/Debug/Obj/twi_sensor_pca10040/nrfx_uarte.o
 .text.nrf_uarte_event_clear
                0x0000000000004be4       0x2a Output/Debug/Obj/twi_sensor_pca10040/nrfx_uarte.o
 .text.nrf_uarte_event_check
                0x0000000000004c0e       0x24 Output/Debug/Obj/twi_sensor_pca10040/nrfx_uarte.o
 .text.nrf_uarte_shorts_disable
                0x0000000000004c32       0x1e Output/Debug/Obj/twi_sensor_pca10040/nrfx_uarte.o
 .text.nrf_uarte_int_enable
                0x0000000000004c50       0x14 Output/Debug/Obj/twi_sensor_pca10040/nrfx_uarte.o
 .text.nrf_uarte_int_disable
                0x0000000000004c64       0x14 Output/Debug/Obj/twi_sensor_pca10040/nrfx_uarte.o
 .text.nrf_uarte_errorsrc_get_and_clear
                0x0000000000004c78       0x1c Output/Debug/Obj/twi_sensor_pca10040/nrfx_uarte.o
 .text.nrf_uarte_enable
                0x0000000000004c94       0x12 Output/Debug/Obj/twi_sensor_pca10040/nrfx_uarte.o
 .text.nrf_uarte_disable
                0x0000000000004ca6       0x12 Output/Debug/Obj/twi_sensor_pca10040/nrfx_uarte.o
 .text.nrf_uarte_txrx_pins_set
                0x0000000000004cb8       0x1e Output/Debug/Obj/twi_sensor_pca10040/nrfx_uarte.o
 .text.nrf_uarte_txrx_pins_disconnect
                0x0000000000004cd6       0x1c Output/Debug/Obj/twi_sensor_pca10040/nrfx_uarte.o
 .text.nrf_uarte_tx_pin_get
                0x0000000000004cf2       0x10 Output/Debug/Obj/twi_sensor_pca10040/nrfx_uarte.o
 .text.nrf_uarte_rx_pin_get
                0x0000000000004d02       0x10 Output/Debug/Obj/twi_sensor_pca10040/nrfx_uarte.o
 .text.nrf_uarte_rts_pin_get
                0x0000000000004d12       0x10 Output/Debug/Obj/twi_sensor_pca10040/nrfx_uarte.o
 .text.nrf_uarte_cts_pin_get
                0x0000000000004d22       0x10 Output/Debug/Obj/twi_sensor_pca10040/nrfx_uarte.o
 .text.nrf_uarte_hwfc_pins_set
                0x0000000000004d32       0x1e Output/Debug/Obj/twi_sensor_pca10040/nrfx_uarte.o
 .text.nrf_uarte_hwfc_pins_disconnect
                0x0000000000004d50       0x1c Output/Debug/Obj/twi_sensor_pca10040/nrfx_uarte.o
 .text.nrf_uarte_task_trigger
                0x0000000000004d6c       0x1c Output/Debug/Obj/twi_sensor_pca10040/nrfx_uarte.o
 .text.nrf_uarte_configure
                0x0000000000004d88       0x2a Output/Debug/Obj/twi_sensor_pca10040/nrfx_uarte.o
 .text.nrf_uarte_baudrate_set
                0x0000000000004db2       0x14 Output/Debug/Obj/twi_sensor_pca10040/nrfx_uarte.o
 .text.nrf_uarte_tx_buffer_set
                0x0000000000004dc6       0x1e Output/Debug/Obj/twi_sensor_pca10040/nrfx_uarte.o
 .text.nrf_uarte_tx_amount_get
                0x0000000000004de4       0x10 Output/Debug/Obj/twi_sensor_pca10040/nrfx_uarte.o
 .text.nrf_uarte_rx_amount_get
                0x0000000000004df4       0x10 Output/Debug/Obj/twi_sensor_pca10040/nrfx_uarte.o
 .text.nrf_gpio_pin_port_decode
                0x0000000000004e04       0x28 Output/Debug/Obj/twi_sensor_pca10040/nrfx_uarte.o
 .text.nrf_gpio_cfg
                0x0000000000004e2c       0x62 Output/Debug/Obj/twi_sensor_pca10040/nrfx_uarte.o
 .text.nrf_gpio_cfg_output
                0x0000000000004e8e       0x22 Output/Debug/Obj/twi_sensor_pca10040/nrfx_uarte.o
 .text.nrf_gpio_cfg_input
                0x0000000000004eb0       0x2a Output/Debug/Obj/twi_sensor_pca10040/nrfx_uarte.o
 .text.nrf_gpio_cfg_default
                0x0000000000004eda       0x22 Output/Debug/Obj/twi_sensor_pca10040/nrfx_uarte.o
 .text.nrf_gpio_pin_set
                0x0000000000004efc       0x28 Output/Debug/Obj/twi_sensor_pca10040/nrfx_uarte.o
 .text.nrf_gpio_port_out_set
                0x0000000000004f24       0x14 Output/Debug/Obj/twi_sensor_pca10040/nrfx_uarte.o
 .text.apply_config
                0x0000000000004f38       0xc6 Output/Debug/Obj/twi_sensor_pca10040/nrfx_uarte.o
 *fill*         0x0000000000004ffe        0x2 
 .text.interrupts_enable
                0x0000000000005000       0x98 Output/Debug/Obj/twi_sensor_pca10040/nrfx_uarte.o
 .text.interrupts_disable
                0x0000000000005098       0x30 Output/Debug/Obj/twi_sensor_pca10040/nrfx_uarte.o
 .text.pins_to_default
                0x00000000000050c8       0x8a Output/Debug/Obj/twi_sensor_pca10040/nrfx_uarte.o
 *fill*         0x0000000000005152        0x2 
 .text.nrfx_uarte_init
                0x0000000000005154       0xcc Output/Debug/Obj/twi_sensor_pca10040/nrfx_uarte.o
                0x0000000000005154                nrfx_uarte_init
 .text.nrfx_uarte_uninit
                0x0000000000005220       0xac Output/Debug/Obj/twi_sensor_pca10040/nrfx_uarte.o
                0x0000000000005220                nrfx_uarte_uninit
 .text.nrfx_uarte_tx
                0x00000000000052cc      0x17c Output/Debug/Obj/twi_sensor_pca10040/nrfx_uarte.o
                0x00000000000052cc                nrfx_uarte_tx
 .text.nrfx_uarte_tx_in_progress
                0x0000000000005448       0x30 Output/Debug/Obj/twi_sensor_pca10040/nrfx_uarte.o
                0x0000000000005448                nrfx_uarte_tx_in_progress
 .text.rx_done_event
                0x0000000000005478       0x2e Output/Debug/Obj/twi_sensor_pca10040/nrfx_uarte.o
 .text.tx_done_event
                0x00000000000054a6       0x34 Output/Debug/Obj/twi_sensor_pca10040/nrfx_uarte.o
 .text.uarte_irq_handler
                0x00000000000054da      0x18c Output/Debug/Obj/twi_sensor_pca10040/nrfx_uarte.o
 *fill*         0x0000000000005666        0x2 
 .text.nrfx_uarte_0_irq_handler
                0x0000000000005668       0x18 Output/Debug/Obj/twi_sensor_pca10040/nrfx_uarte.o
                0x0000000000005668                nrfx_uarte_0_irq_handler
 .text.NVIC_EnableIRQ
                0x0000000000005680       0x2c Output/Debug/Obj/twi_sensor_pca10040/nrfx_gpiote.o
 .text.NVIC_SetPriority
                0x00000000000056ac       0x50 Output/Debug/Obj/twi_sensor_pca10040/nrfx_gpiote.o
 .text._NRFX_IRQ_PRIORITY_SET
                0x00000000000056fc       0x40 Output/Debug/Obj/twi_sensor_pca10040/nrfx_gpiote.o
 .text._NRFX_IRQ_ENABLE
                0x000000000000573c       0x1c Output/Debug/Obj/twi_sensor_pca10040/nrfx_gpiote.o
 .text.nrf_gpiote_event_is_set
                0x0000000000005758       0x2a Output/Debug/Obj/twi_sensor_pca10040/nrfx_gpiote.o
 .text.nrf_gpiote_event_clear
                0x0000000000005782       0x36 Output/Debug/Obj/twi_sensor_pca10040/nrfx_gpiote.o
 .text.nrf_gpiote_event_addr_get
                0x00000000000057b8       0x1a Output/Debug/Obj/twi_sensor_pca10040/nrfx_gpiote.o
 *fill*         0x00000000000057d2        0x2 
 .text.nrf_gpiote_int_enable
                0x00000000000057d4       0x18 Output/Debug/Obj/twi_sensor_pca10040/nrfx_gpiote.o
 .text.nrf_gpiote_int_is_enabled
                0x00000000000057ec       0x18 Output/Debug/Obj/twi_sensor_pca10040/nrfx_gpiote.o
 .text.nrf_gpiote_event_enable
                0x0000000000005804       0x2c Output/Debug/Obj/twi_sensor_pca10040/nrfx_gpiote.o
 .text.nrf_gpiote_event_configure
                0x0000000000005830       0x64 Output/Debug/Obj/twi_sensor_pca10040/nrfx_gpiote.o
 .text.nrf_gpiote_event_pin_get
                0x0000000000005894       0x20 Output/Debug/Obj/twi_sensor_pca10040/nrfx_gpiote.o
 .text.nrf_gpiote_event_polarity_get
                0x00000000000058b4       0x24 Output/Debug/Obj/twi_sensor_pca10040/nrfx_gpiote.o
 .text.nrf_gpio_pin_port_decode
                0x00000000000058d8       0x28 Output/Debug/Obj/twi_sensor_pca10040/nrfx_gpiote.o
 .text.nrf_gpio_cfg
                0x0000000000005900       0x62 Output/Debug/Obj/twi_sensor_pca10040/nrfx_gpiote.o
 .text.nrf_gpio_cfg_input
                0x0000000000005962       0x2a Output/Debug/Obj/twi_sensor_pca10040/nrfx_gpiote.o
 .text.nrf_gpio_cfg_watcher
                0x000000000000598c       0x38 Output/Debug/Obj/twi_sensor_pca10040/nrfx_gpiote.o
 .text.nrf_gpio_cfg_sense_set
                0x00000000000059c4       0x5c Output/Debug/Obj/twi_sensor_pca10040/nrfx_gpiote.o
 .text.nrf_gpio_pin_read
                0x0000000000005a20       0x2a Output/Debug/Obj/twi_sensor_pca10040/nrfx_gpiote.o
 .text.nrf_gpio_pin_sense_get
                0x0000000000005a4a       0x2c Output/Debug/Obj/twi_sensor_pca10040/nrfx_gpiote.o
 .text.nrf_gpio_port_in_read
                0x0000000000005a76       0x10 Output/Debug/Obj/twi_sensor_pca10040/nrfx_gpiote.o
 *fill*         0x0000000000005a86        0x2 
 .text.nrf_gpio_ports_read
                0x0000000000005a88       0x68 Output/Debug/Obj/twi_sensor_pca10040/nrfx_gpiote.o
 .text.nrf_bitmask_bit_is_set
                0x0000000000005af0       0x30 Output/Debug/Obj/twi_sensor_pca10040/nrfx_gpiote.o
 .text.nrf_bitmask_bit_set
                0x0000000000005b20       0x40 Output/Debug/Obj/twi_sensor_pca10040/nrfx_gpiote.o
 .text.pin_in_use_by_te
                0x0000000000005b60       0x3c Output/Debug/Obj/twi_sensor_pca10040/nrfx_gpiote.o
 .text.pin_in_use_by_port
                0x0000000000005b9c       0x24 Output/Debug/Obj/twi_sensor_pca10040/nrfx_gpiote.o
 .text.pin_in_use_by_gpiote
                0x0000000000005bc0       0x24 Output/Debug/Obj/twi_sensor_pca10040/nrfx_gpiote.o
 .text.pin_in_use_by_te_set
                0x0000000000005be4       0x50 Output/Debug/Obj/twi_sensor_pca10040/nrfx_gpiote.o
 .text.pin_in_use_clear
                0x0000000000005c34       0x1c Output/Debug/Obj/twi_sensor_pca10040/nrfx_gpiote.o
 .text.pin_configured_set
                0x0000000000005c50       0x1c Output/Debug/Obj/twi_sensor_pca10040/nrfx_gpiote.o
 .text.channel_port_get
                0x0000000000005c6c       0x1c Output/Debug/Obj/twi_sensor_pca10040/nrfx_gpiote.o
 .text.channel_handler_get
                0x0000000000005c88       0x18 Output/Debug/Obj/twi_sensor_pca10040/nrfx_gpiote.o
 .text.channel_port_alloc
                0x0000000000005ca0       0x7c Output/Debug/Obj/twi_sensor_pca10040/nrfx_gpiote.o
 .text.channel_free
                0x0000000000005d1c       0x38 Output/Debug/Obj/twi_sensor_pca10040/nrfx_gpiote.o
 .text.nrfx_gpiote_init
                0x0000000000005d54       0xa4 Output/Debug/Obj/twi_sensor_pca10040/nrfx_gpiote.o
                0x0000000000005d54                nrfx_gpiote_init
 .text.nrfx_gpiote_in_init
                0x0000000000005df8       0xf4 Output/Debug/Obj/twi_sensor_pca10040/nrfx_gpiote.o
                0x0000000000005df8                nrfx_gpiote_in_init
 .text.nrfx_gpiote_in_event_enable
                0x0000000000005eec      0x110 Output/Debug/Obj/twi_sensor_pca10040/nrfx_gpiote.o
                0x0000000000005eec                nrfx_gpiote_in_event_enable
 .text.nrfx_gpiote_in_is_set
                0x0000000000005ffc       0x34 Output/Debug/Obj/twi_sensor_pca10040/nrfx_gpiote.o
                0x0000000000005ffc                nrfx_gpiote_in_is_set
 .text.GPIOTE_IRQHandler
                0x0000000000006030      0x2e0 Output/Debug/Obj/twi_sensor_pca10040/nrfx_gpiote.o
                0x0000000000006030                GPIOTE_IRQHandler
 .text.nrfx_coredep_delay_us
                0x0000000000006310       0x30 Output/Debug/Obj/twi_sensor_pca10040/main.o
 .text.nrf_delay_ms
                0x0000000000006340       0x2a Output/Debug/Obj/twi_sensor_pca10040/main.o
 *fill*         0x000000000000636a        0x2 
 .text.gpiote_init
                0x000000000000636c       0x2c Output/Debug/Obj/twi_sensor_pca10040/main.o
                0x000000000000636c                gpiote_init
 .text.in_event_handler
                0x0000000000006398       0x3c Output/Debug/Obj/twi_sensor_pca10040/main.o
                0x0000000000006398                in_event_handler
 .text.main     0x00000000000063d4      0x1e8 Output/Debug/Obj/twi_sensor_pca10040/main.o
                0x00000000000063d4                main
 .text._DoInit  0x00000000000065bc       0x9c Output/Debug/Obj/twi_sensor_pca10040/SEGGER_RTT.o
 .text._WriteBlocking
                0x0000000000006658       0xb2 Output/Debug/Obj/twi_sensor_pca10040/SEGGER_RTT.o
 .text._WriteNoCheck
                0x000000000000670a       0x7e Output/Debug/Obj/twi_sensor_pca10040/SEGGER_RTT.o
 .text._GetAvailWriteSpace
                0x0000000000006788       0x3c Output/Debug/Obj/twi_sensor_pca10040/SEGGER_RTT.o
 .text.SEGGER_RTT_WriteNoLock
                0x00000000000067c4       0xa0 Output/Debug/Obj/twi_sensor_pca10040/SEGGER_RTT.o
                0x00000000000067c4                SEGGER_RTT_WriteNoLock
 .text.SEGGER_RTT_Init
                0x0000000000006864        0xa Output/Debug/Obj/twi_sensor_pca10040/SEGGER_RTT.o
                0x0000000000006864                SEGGER_RTT_Init
 *fill*         0x000000000000686e        0x2 
 .text.NVIC_SystemReset
                0x0000000000006870       0x2c Output/Debug/Obj/twi_sensor_pca10040/system_nrf52.o
 .text.SystemCoreClockUpdate
                0x000000000000689c       0x14 Output/Debug/Obj/twi_sensor_pca10040/system_nrf52.o
                0x000000000000689c                SystemCoreClockUpdate
 .text.SystemInit
                0x00000000000068b0      0x2d8 Output/Debug/Obj/twi_sensor_pca10040/system_nrf52.o
                0x00000000000068b0                SystemInit
 .text.errata_12
                0x0000000000006b88       0x58 Output/Debug/Obj/twi_sensor_pca10040/system_nrf52.o
 .text.errata_16
                0x0000000000006be0       0x38 Output/Debug/Obj/twi_sensor_pca10040/system_nrf52.o
 .text.errata_31
                0x0000000000006c18       0x58 Output/Debug/Obj/twi_sensor_pca10040/system_nrf52.o
 .text.errata_32
                0x0000000000006c70       0x38 Output/Debug/Obj/twi_sensor_pca10040/system_nrf52.o
 .text.errata_36
                0x0000000000006ca8       0x58 Output/Debug/Obj/twi_sensor_pca10040/system_nrf52.o
 .text.errata_37
                0x0000000000006d00       0x38 Output/Debug/Obj/twi_sensor_pca10040/system_nrf52.o
 .text.errata_57
                0x0000000000006d38       0x38 Output/Debug/Obj/twi_sensor_pca10040/system_nrf52.o
 .text.errata_66
                0x0000000000006d70       0x38 Output/Debug/Obj/twi_sensor_pca10040/system_nrf52.o
 .text.errata_108
                0x0000000000006da8       0x58 Output/Debug/Obj/twi_sensor_pca10040/system_nrf52.o
 .text.errata_136
                0x0000000000006e00       0x58 Output/Debug/Obj/twi_sensor_pca10040/system_nrf52.o
 .text.errata_182
                0x0000000000006e58       0x24 Output/Debug/Obj/twi_sensor_pca10040/system_nrf52.o
 .text.nrf_drv_twi_enable
                0x0000000000006e7c       0x18 Output/Debug/Obj/twi_sensor_pca10040/bno055.o
 .text.nrf_drv_twi_tx
                0x0000000000006e94       0x40 Output/Debug/Obj/twi_sensor_pca10040/bno055.o
 .text.nrf_drv_twi_rx
                0x0000000000006ed4       0x38 Output/Debug/Obj/twi_sensor_pca10040/bno055.o
 .text.twi_init
                0x0000000000006f0c       0x60 Output/Debug/Obj/twi_sensor_pca10040/bno055.o
                0x0000000000006f0c                twi_init
 .text.I2C_routine
                0x0000000000006f6c       0x38 Output/Debug/Obj/twi_sensor_pca10040/bno055.o
                0x0000000000006f6c                I2C_routine
 .text.BNO055_I2C_bus_write
                0x0000000000006fa4       0xa4 Output/Debug/Obj/twi_sensor_pca10040/bno055.o
                0x0000000000006fa4                BNO055_I2C_bus_write
 .text.BNO055_I2C_bus_read
                0x0000000000007048       0xcc Output/Debug/Obj/twi_sensor_pca10040/bno055.o
                0x0000000000007048                BNO055_I2C_bus_read
 .text.BNO055_delay_msek
                0x0000000000007114        0xa Output/Debug/Obj/twi_sensor_pca10040/bno055.o
                0x0000000000007114                BNO055_delay_msek
 *fill*         0x000000000000711e        0x2 
 .text.bno055_init
                0x0000000000007120      0x1b4 Output/Debug/Obj/twi_sensor_pca10040/bno055.o
                0x0000000000007120                bno055_init
 .text.bno055_write_register
                0x00000000000072d4       0x54 Output/Debug/Obj/twi_sensor_pca10040/bno055.o
                0x00000000000072d4                bno055_write_register
 .text.bno055_write_page_id
                0x0000000000007328       0xa0 Output/Debug/Obj/twi_sensor_pca10040/bno055.o
                0x0000000000007328                bno055_write_page_id
 .text.bno055_read_accel_xyz
                0x00000000000073c8      0x104 Output/Debug/Obj/twi_sensor_pca10040/bno055.o
                0x00000000000073c8                bno055_read_accel_xyz
 .text.bno055_read_mag_xyz
                0x00000000000074cc      0x104 Output/Debug/Obj/twi_sensor_pca10040/bno055.o
                0x00000000000074cc                bno055_read_mag_xyz
 .text.bno055_read_gyro_xyz
                0x00000000000075d0      0x104 Output/Debug/Obj/twi_sensor_pca10040/bno055.o
                0x00000000000075d0                bno055_read_gyro_xyz
 .text.bno055_get_operation_mode
                0x00000000000076d4       0x90 Output/Debug/Obj/twi_sensor_pca10040/bno055.o
                0x00000000000076d4                bno055_get_operation_mode
 .text.bno055_set_operation_mode
                0x0000000000007764      0x1b8 Output/Debug/Obj/twi_sensor_pca10040/bno055.o
                0x0000000000007764                bno055_set_operation_mode
 .text.bno055_set_power_mode
                0x000000000000791c      0x118 Output/Debug/Obj/twi_sensor_pca10040/bno055.o
                0x000000000000791c                bno055_set_power_mode
 .text.bno055_set_intr_rst
                0x0000000000007a34       0xd8 Output/Debug/Obj/twi_sensor_pca10040/bno055.o
                0x0000000000007a34                bno055_set_intr_rst
 .text.bno055_set_intr_mask_gyro_any_motion
                0x0000000000007b0c       0xd8 Output/Debug/Obj/twi_sensor_pca10040/bno055.o
                0x0000000000007b0c                bno055_set_intr_mask_gyro_any_motion
 .text.bno055_set_intr_gyro_any_motion
                0x0000000000007be4       0xd8 Output/Debug/Obj/twi_sensor_pca10040/bno055.o
                0x0000000000007be4                bno055_set_intr_gyro_any_motion
 .text.bno055_set_gyro_any_motion_axis_enable
                0x0000000000007cbc      0x24c Output/Debug/Obj/twi_sensor_pca10040/bno055.o
                0x0000000000007cbc                bno055_set_gyro_any_motion_axis_enable
 .text.bno055_set_gyro_any_motion_filter
                0x0000000000007f08      0x13c Output/Debug/Obj/twi_sensor_pca10040/bno055.o
                0x0000000000007f08                bno055_set_gyro_any_motion_filter
 .text.bno055_set_gyro_any_motion_thres
                0x0000000000008044      0x138 Output/Debug/Obj/twi_sensor_pca10040/bno055.o
                0x0000000000008044                bno055_set_gyro_any_motion_thres
 .text.bno055_set_gyro_any_motion_slope_samples
                0x000000000000817c      0x138 Output/Debug/Obj/twi_sensor_pca10040/bno055.o
                0x000000000000817c                bno055_set_gyro_any_motion_slope_samples
 .text.bno055_set_gyro_any_motion_awake_durn
                0x00000000000082b4      0x13c Output/Debug/Obj/twi_sensor_pca10040/bno055.o
                0x00000000000082b4                bno055_set_gyro_any_motion_awake_durn
 .text.libc.__RAL_ascii_isctype
                0x00000000000083f0       0x1c C:/Program Files/SEGGER/SEGGER Embedded Studio for ARM 5.20a/lib/libc_v7em_fpv4_sp_d16_hard_t_le_eabi.a(libc2.o)
 .text.libc.__RAL_ascii_toupper
                0x000000000000840c        0xc C:/Program Files/SEGGER/SEGGER Embedded Studio for ARM 5.20a/lib/libc_v7em_fpv4_sp_d16_hard_t_le_eabi.a(libc2.o)
 .text.libc.__RAL_ascii_tolower
                0x0000000000008418        0xc C:/Program Files/SEGGER/SEGGER Embedded Studio for ARM 5.20a/lib/libc_v7em_fpv4_sp_d16_hard_t_le_eabi.a(libc2.o)
 .text.libc.__RAL_ascii_iswctype
                0x0000000000008424       0x1c C:/Program Files/SEGGER/SEGGER Embedded Studio for ARM 5.20a/lib/libc_v7em_fpv4_sp_d16_hard_t_le_eabi.a(libc2.o)
 .text.libc.__RAL_ascii_towupper
                0x0000000000008440        0xc C:/Program Files/SEGGER/SEGGER Embedded Studio for ARM 5.20a/lib/libc_v7em_fpv4_sp_d16_hard_t_le_eabi.a(libc2.o)
 .text.libc.__RAL_ascii_towlower
                0x000000000000844c        0xc C:/Program Files/SEGGER/SEGGER Embedded Studio for ARM 5.20a/lib/libc_v7em_fpv4_sp_d16_hard_t_le_eabi.a(libc2.o)
 .text.libc.__RAL_ascii_wctomb
                0x0000000000008458        0xe C:/Program Files/SEGGER/SEGGER Embedded Studio for ARM 5.20a/lib/libc_v7em_fpv4_sp_d16_hard_t_le_eabi.a(libc2.o)
                0x0000000000008458                __RAL_ascii_wctomb
 .text.libc.__RAL_ascii_mbtowc
                0x0000000000008466       0x24 C:/Program Files/SEGGER/SEGGER Embedded Studio for ARM 5.20a/lib/libc_v7em_fpv4_sp_d16_hard_t_le_eabi.a(libc2.o)
                0x0000000000008466                __RAL_ascii_mbtowc
 *fill*         0x000000000000848a        0x2 
 .text.libc.__RAL_isctype
                0x000000000000848c       0x14 C:/Program Files/SEGGER/SEGGER Embedded Studio for ARM 5.20a/lib/libc_v7em_fpv4_sp_d16_hard_t_le_eabi.a(libc2.o)
                0x000000000000848c                __RAL_isctype
 .text.libc.isprint
                0x00000000000084a0        0xa C:/Program Files/SEGGER/SEGGER Embedded Studio for ARM 5.20a/lib/libc_v7em_fpv4_sp_d16_hard_t_le_eabi.a(libc2.o)
                0x00000000000084a0                isprint
 .text.libc.memcpy
                0x00000000000084aa       0x52 C:/Program Files/SEGGER/SEGGER Embedded Studio for ARM 5.20a/lib/libc_v7em_fpv4_sp_d16_hard_t_le_eabi.a(libc2_asm.o)
                0x00000000000084aa                __aeabi_memcpy
                0x00000000000084aa                memcpy
                0x00000000000084b6                __aeabi_memcpy8
                0x00000000000084b6                __aeabi_memcpy4
 .text.libc.memset
                0x00000000000084fc       0x66 C:/Program Files/SEGGER/SEGGER Embedded Studio for ARM 5.20a/lib/libc_v7em_fpv4_sp_d16_hard_t_le_eabi.a(libc2_asm.o)
                0x00000000000084fc                memset
 .text.libc.strcpy
                0x0000000000008562       0x44 C:/Program Files/SEGGER/SEGGER Embedded Studio for ARM 5.20a/lib/libc_v7em_fpv4_sp_d16_hard_t_le_eabi.a(libc2_asm.o)
                0x0000000000008562                strcpy
 .text.libc.strlen
                0x00000000000085a6       0x60 C:/Program Files/SEGGER/SEGGER Embedded Studio for ARM 5.20a/lib/libc_v7em_fpv4_sp_d16_hard_t_le_eabi.a(libc2_asm.o)
                0x00000000000085a6                strlen
                0x0000000000008606                __text_end__ = (__text_start__ + SIZEOF (.text))
                0x0000000000008236                __text_size__ = SIZEOF (.text)
                0x0000000000008606                __text_load_end__ = __text_end__

.vfp11_veneer   0x0000000100000000        0x0
 .vfp11_veneer  0x0000000100000000        0x0 linker stubs

.v4_bx          0x0000000100000000        0x0
 .v4_bx         0x0000000100000000        0x0 linker stubs

.iplt           0x0000000100000000        0x0
 .iplt          0x0000000100000000        0x0 Output/Debug/Obj/twi_sensor_pca10040/thumb_crt0.o
                0x0000000000000001                . = ASSERT (((__text_start__ == __text_end__) || ((__text_end__ - __FLASH_segment_start__) <= __FLASH_segment_size__)), error: .text is too large to fit in FLASH memory segment)
                0x0000000000008608                __log_const_data_load_start__ = ALIGN (__text_end__, 0x4)

.log_const_data
                0x0000000000008608       0x30
                0x0000000000008608                __log_const_data_start__ = .
                0x0000000000008608                __start_log_const_data = __log_const_data_start__
 *(SORT_BY_NAME(.log_const_data*))
 .log_const_data_GPIOTE
                0x0000000000008608        0x8 Output/Debug/Obj/twi_sensor_pca10040/nrfx_gpiote.o
                0x0000000000008608                m_nrf_log_GPIOTE_logs_data_const
 .log_const_data_PRS
                0x0000000000008610        0x8 Output/Debug/Obj/twi_sensor_pca10040/nrfx_prs.o
                0x0000000000008610                m_nrf_log_PRS_logs_data_const
 .log_const_data_TWIM
                0x0000000000008618        0x8 Output/Debug/Obj/twi_sensor_pca10040/nrfx_twim.o
                0x0000000000008618                m_nrf_log_TWIM_logs_data_const
 .log_const_data_UART
                0x0000000000008620        0x8 Output/Debug/Obj/twi_sensor_pca10040/nrfx_uart.o
                0x0000000000008620                m_nrf_log_UART_logs_data_const
 .log_const_data_UARTE
                0x0000000000008628        0x8 Output/Debug/Obj/twi_sensor_pca10040/nrfx_uarte.o
                0x0000000000008628                m_nrf_log_UARTE_logs_data_const
 .log_const_data_app
                0x0000000000008630        0x8 Output/Debug/Obj/twi_sensor_pca10040/nrf_log_frontend.o
                0x0000000000008630                m_nrf_log_app_logs_data_const
                0x0000000000008638                __log_const_data_end__ = (__log_const_data_start__ + SIZEOF (.log_const_data))
                0x0000000000000030                __log_const_data_size__ = SIZEOF (.log_const_data)
                0x0000000000008638                __stop_log_const_data = __log_const_data_end__
                0x0000000000008638                __log_const_data_load_end__ = __log_const_data_end__
                0x0000000000000001                . = ASSERT (((__log_const_data_start__ == __log_const_data_end__) || ((__log_const_data_end__ - __FLASH_segment_start__) <= __FLASH_segment_size__)), error: .log_const_data is too large to fit in FLASH memory segment)
                0x0000000000008638                __log_backends_load_start__ = ALIGN (__log_const_data_end__, 0x4)

.log_backends   0x0000000000008638       0x20
                0x0000000000008638                __log_backends_start__ = .
                0x0000000000008638                __start_log_backends = __log_backends_start__
 *(SORT_BY_NAME(.log_backends*))
 .log_backends  0x0000000000008638       0x20 Output/Debug/Obj/twi_sensor_pca10040/nrf_log_default_backends.o
                0x0000000000008658                __log_backends_end__ = (__log_backends_start__ + SIZEOF (.log_backends))
                0x0000000000000020                __log_backends_size__ = SIZEOF (.log_backends)
                0x0000000000008658                __stop_log_backends = __log_backends_end__
                0x0000000000008658                __log_backends_load_end__ = __log_backends_end__
                0x0000000000000001                . = ASSERT (((__log_backends_start__ == __log_backends_end__) || ((__log_backends_end__ - __FLASH_segment_start__) <= __FLASH_segment_size__)), error: .log_backends is too large to fit in FLASH memory segment)
                0x0000000000008658                __nrf_balloc_load_start__ = ALIGN (__log_backends_end__, 0x4)

.nrf_balloc     0x0000000000008658       0x14
                0x0000000000008658                __nrf_balloc_start__ = .
                0x0000000000008658                __start_nrf_balloc = __nrf_balloc_start__
 *(.nrf_balloc*)
 .nrf_balloc    0x0000000000008658       0x14 Output/Debug/Obj/twi_sensor_pca10040/nrf_log_frontend.o
                0x0000000000008658                log_mempool
                0x000000000000866c                __nrf_balloc_end__ = (__nrf_balloc_start__ + SIZEOF (.nrf_balloc))
                0x0000000000000014                __nrf_balloc_size__ = SIZEOF (.nrf_balloc)
                0x000000000000866c                __stop_nrf_balloc = __nrf_balloc_end__
                0x000000000000866c                __nrf_balloc_load_end__ = __nrf_balloc_end__
                0x0000000000000001                . = ASSERT (((__nrf_balloc_start__ == __nrf_balloc_end__) || ((__nrf_balloc_end__ - __FLASH_segment_start__) <= __FLASH_segment_size__)), error: .nrf_balloc is too large to fit in FLASH memory segment)
                0x000000000000866c                __nrf_sections_load_start__ = ALIGN (__nrf_balloc_end__, 0x4)

.nrf_sections   0x000000000000866c        0x0
                0x000000000000866c                __nrf_sections_start__ = .
                0x000000000000866c                __start_nrf_sections = __nrf_sections_start__
 *(.nrf_sections .nrf_sections.*)
                0x000000000000866c                __nrf_sections_end__ = (__nrf_sections_start__ + SIZEOF (.nrf_sections))
                0x0000000000000000                __nrf_sections_size__ = SIZEOF (.nrf_sections)
                0x000000000000866c                __nrf_sections_load_end__ = __nrf_sections_end__
                0x0000000000000001                . = ASSERT (((__nrf_sections_start__ == __nrf_sections_end__) || ((__nrf_sections_end__ - __FLASH_segment_start__) <= __FLASH_segment_size__)), error: .nrf_sections is too large to fit in FLASH memory segment)
                0x000000000000866c                __log_dynamic_data_load_start__ = ALIGN (__nrf_sections_end__, 0x4)

.log_dynamic_data
                0x0000000020000000        0x0 load address 0x000000000000866c
                0x0000000020000000                __log_dynamic_data_start__ = .
 *(SORT_BY_NAME(.log_dynamic_data*))
                0x0000000020000000                __log_dynamic_data_end__ = (__log_dynamic_data_start__ + SIZEOF (.log_dynamic_data))
                0x0000000000000000                __log_dynamic_data_size__ = SIZEOF (.log_dynamic_data)
                0x000000000000866c                __log_dynamic_data_load_end__ = (__log_dynamic_data_load_start__ + SIZEOF (.log_dynamic_data))
                0x0000000000000001                . = ASSERT (((__log_dynamic_data_load_start__ == __log_dynamic_data_load_end__) || ((__log_dynamic_data_load_end__ - __FLASH_segment_start__) <= __FLASH_segment_size__)), error: .log_dynamic_data is too large to fit in FLASH memory segment)

.log_dynamic_data_run
                0x0000000020000000        0x0
                0x0000000020000000                __log_dynamic_data_run_start__ = .
                0x0000000020000000                __start_log_dynamic_data = __log_dynamic_data_run_start__
                0x0000000020000000                . = MAX ((__log_dynamic_data_run_start__ + SIZEOF (.log_dynamic_data)), .)
                0x0000000020000000                __log_dynamic_data_run_end__ = (__log_dynamic_data_run_start__ + SIZEOF (.log_dynamic_data_run))
                0x0000000000000000                __log_dynamic_data_run_size__ = SIZEOF (.log_dynamic_data_run)
                0x0000000020000000                __stop_log_dynamic_data = __log_dynamic_data_run_end__
                0x0000000020000000                __log_dynamic_data_run_load_end__ = __log_dynamic_data_run_end__
                0x0000000000000001                . = ASSERT (((__log_dynamic_data_run_start__ == __log_dynamic_data_run_end__) || ((__log_dynamic_data_run_end__ - __RAM_segment_start__) <= __RAM_segment_size__)), error: .log_dynamic_data_run is too large to fit in RAM memory segment)
                0x000000000000866c                __log_filter_data_load_start__ = ALIGN ((__log_dynamic_data_load_start__ + SIZEOF (.log_dynamic_data)), 0x4)

.log_filter_data
                0x0000000020000000        0x0 load address 0x000000000000866c
                0x0000000020000000                __log_filter_data_start__ = .
 *(SORT_BY_NAME(.log_filter_data*))
                0x0000000020000000                __log_filter_data_end__ = (__log_filter_data_start__ + SIZEOF (.log_filter_data))
                0x0000000000000000                __log_filter_data_size__ = SIZEOF (.log_filter_data)
                0x000000000000866c                __log_filter_data_load_end__ = (__log_filter_data_load_start__ + SIZEOF (.log_filter_data))
                0x0000000000000001                . = ASSERT (((__log_filter_data_load_start__ == __log_filter_data_load_end__) || ((__log_filter_data_load_end__ - __FLASH_segment_start__) <= __FLASH_segment_size__)), error: .log_filter_data is too large to fit in FLASH memory segment)

.log_filter_data_run
                0x0000000020000000        0x0
                0x0000000020000000                __log_filter_data_run_start__ = .
                0x0000000020000000                __start_log_filter_data = __log_filter_data_run_start__
                0x0000000020000000                . = MAX ((__log_filter_data_run_start__ + SIZEOF (.log_filter_data)), .)
                0x0000000020000000                __log_filter_data_run_end__ = (__log_filter_data_run_start__ + SIZEOF (.log_filter_data_run))
                0x0000000000000000                __log_filter_data_run_size__ = SIZEOF (.log_filter_data_run)
                0x0000000020000000                __stop_log_filter_data = __log_filter_data_run_end__
                0x0000000020000000                __log_filter_data_run_load_end__ = __log_filter_data_run_end__
                0x0000000000000001                . = ASSERT (((__log_filter_data_run_start__ == __log_filter_data_run_end__) || ((__log_filter_data_run_end__ - __RAM_segment_start__) <= __RAM_segment_size__)), error: .log_filter_data_run is too large to fit in RAM memory segment)
                0x0000000020000000                __nrf_sections_run_end_load_start__ = ALIGN (__log_filter_data_run_end__, 0x4)

.nrf_sections_run_end
                0x0000000020000000        0x0
                0x0000000020000000                __nrf_sections_run_end_start__ = .
                0x0000000020000000                __end_nrf_sections_run = __nrf_sections_run_end_start__
 *(.nrf_sections_run_end .nrf_sections_run_end.*)
                0x0000000020000000                __nrf_sections_run_end_end__ = (__nrf_sections_run_end_start__ + SIZEOF (.nrf_sections_run_end))
                0x0000000000000000                __nrf_sections_run_end_size__ = SIZEOF (.nrf_sections_run_end)
                0x0000000020000000                __nrf_sections_run_end_load_end__ = __nrf_sections_run_end_end__
                0x0000000000000001                . = ASSERT (((__nrf_sections_run_end_start__ == __nrf_sections_run_end_end__) || ((__nrf_sections_run_end_end__ - __RAM_segment_start__) <= __RAM_segment_size__)), error: .nrf_sections_run_end is too large to fit in RAM memory segment)
                0x000000000000866c                __dtors_load_start__ = ALIGN ((__log_filter_data_load_start__ + SIZEOF (.log_filter_data)), 0x4)

.dtors          0x000000000000866c        0x0
                0x000000000000866c                __dtors_start__ = .
 *(SORT_BY_NAME(.dtors.*))
 *(.dtors)
 *(.fini_array)
 *(SORT_BY_NAME(.fini_array.*))
                0x000000000000866c                __dtors_end__ = (__dtors_start__ + SIZEOF (.dtors))
                0x0000000000000000                __dtors_size__ = SIZEOF (.dtors)
                0x000000000000866c                __dtors_load_end__ = __dtors_end__
                0x0000000000000001                . = ASSERT (((__dtors_start__ == __dtors_end__) || ((__dtors_end__ - __FLASH_segment_start__) <= __FLASH_segment_size__)), error: .dtors is too large to fit in FLASH memory segment)
                0x000000000000866c                __ctors_load_start__ = ALIGN (__dtors_end__, 0x4)

.ctors          0x000000000000866c        0x0
                0x000000000000866c                __ctors_start__ = .
 *(SORT_BY_NAME(.ctors.*))
 *(.ctors)
 *(.init_array)
 *(SORT_BY_NAME(.init_array.*))
                0x000000000000866c                __ctors_end__ = (__ctors_start__ + SIZEOF (.ctors))
                0x0000000000000000                __ctors_size__ = SIZEOF (.ctors)
                0x000000000000866c                __ctors_load_end__ = __ctors_end__
                0x0000000000000001                . = ASSERT (((__ctors_start__ == __ctors_end__) || ((__ctors_end__ - __FLASH_segment_start__) <= __FLASH_segment_size__)), error: .ctors is too large to fit in FLASH memory segment)
                0x000000000000866c                __rodata_load_start__ = ALIGN (__ctors_end__, 0x4)

.rodata         0x000000000000866c      0xf56
                0x000000000000866c                __rodata_start__ = .
 *(.rodata .rodata.* .gnu.linkonce.r.*)
 .rodata.nrf_log_backend_rtt_api
                0x000000000000866c        0xc Output/Debug/Obj/twi_sensor_pca10040/nrf_log_backend_rtt.o
                0x000000000000866c                nrf_log_backend_rtt_api
 *fill*         0x0000000000008678        0x8 
 .rodata.delay_machine_code.8248
                0x0000000000008680        0x6 Output/Debug/Obj/twi_sensor_pca10040/nrf_log_backend_rtt.o
 *fill*         0x0000000000008686        0x2 
 .rodata        0x0000000000008688       0x64 Output/Debug/Obj/twi_sensor_pca10040/nrf_log_backend_uart.o
 .rodata.nrf_log_backend_uart_api
                0x00000000000086ec        0xc Output/Debug/Obj/twi_sensor_pca10040/nrf_log_backend_uart.o
                0x00000000000086ec                nrf_log_backend_uart_api
 .rodata        0x00000000000086f8       0x6a Output/Debug/Obj/twi_sensor_pca10040/nrf_log_default_backends.o
 *fill*         0x0000000000008762        0x2 
 .rodata.m_log_push_ringbuf
                0x0000000000008764        0xc Output/Debug/Obj/twi_sensor_pca10040/nrf_log_frontend.o
 .rodata        0x0000000000008770       0x55 Output/Debug/Obj/twi_sensor_pca10040/nrf_log_frontend.o
 *fill*         0x00000000000087c5        0x3 
 .rodata        0x00000000000087c8       0xaa Output/Debug/Obj/twi_sensor_pca10040/nrf_log_str_formatter.o
 *fill*         0x0000000000008872        0x2 
 .rodata        0x0000000000008874       0x55 Output/Debug/Obj/twi_sensor_pca10040/boards.o
 *fill*         0x00000000000088c9        0x3 
 .rodata.m_board_led_list
                0x00000000000088cc        0x4 Output/Debug/Obj/twi_sensor_pca10040/boards.o
 .rodata.m_board_btn_list
                0x00000000000088d0        0x4 Output/Debug/Obj/twi_sensor_pca10040/boards.o
 .rodata        0x00000000000088d4       0x70 Output/Debug/Obj/twi_sensor_pca10040/app_error_weak.o
 .rodata        0x0000000000008944       0x3c Output/Debug/Obj/twi_sensor_pca10040/app_util_platform.o
 .rodata        0x0000000000008980       0x37 Output/Debug/Obj/twi_sensor_pca10040/nrf_balloc.o
 *fill*         0x00000000000089b7        0x1 
 .rodata        0x00000000000089b8       0x2d Output/Debug/Obj/twi_sensor_pca10040/nrf_fprintf.o
 *fill*         0x00000000000089e5        0x3 
 .rodata        0x00000000000089e8       0x34 Output/Debug/Obj/twi_sensor_pca10040/nrf_fprintf_format.o
 .rodata._aV2C.7541
                0x0000000000008a1c       0x10 Output/Debug/Obj/twi_sensor_pca10040/nrf_fprintf_format.o
 .rodata        0x0000000000008a2c       0x37 Output/Debug/Obj/twi_sensor_pca10040/nrf_memobj.o
 *fill*         0x0000000000008a63        0x1 
 .rodata.m_unknown_str
                0x0000000000008a64       0x13 Output/Debug/Obj/twi_sensor_pca10040/nrf_strerror.o
 *fill*         0x0000000000008a77        0x1 
 .rodata        0x0000000000008a78      0x3bd Output/Debug/Obj/twi_sensor_pca10040/nrf_strerror.o
 *fill*         0x0000000000008e35        0x3 
 .rodata.nrf_strerror_array
                0x0000000000008e38      0x118 Output/Debug/Obj/twi_sensor_pca10040/nrf_strerror.o
 .rodata        0x0000000000008f50       0x2a Output/Debug/Obj/twi_sensor_pca10040/nrf_drv_twi.o
 *fill*         0x0000000000008f7a        0x6 
 .rodata.delay_machine_code.7627
                0x0000000000008f80        0x6 Output/Debug/Obj/twi_sensor_pca10040/nrf_drv_twi.o
 *fill*         0x0000000000008f86        0x2 
 .rodata        0x0000000000008f88       0x3a Output/Debug/Obj/twi_sensor_pca10040/nrfx_prs.o
 *fill*         0x0000000000008fc2        0x2 
 .rodata        0x0000000000008fc4       0x93 Output/Debug/Obj/twi_sensor_pca10040/nrfx_twim.o
 *fill*         0x0000000000009057        0x1 
 .rodata.irq_handlers.8585
                0x0000000000009058        0x4 Output/Debug/Obj/twi_sensor_pca10040/nrfx_twim.o
 .rodata        0x000000000000905c       0x93 Output/Debug/Obj/twi_sensor_pca10040/nrfx_uart.o
 *fill*         0x00000000000090ef        0x1 
 .rodata.irq_handlers.8575
                0x00000000000090f0        0x4 Output/Debug/Obj/twi_sensor_pca10040/nrfx_uart.o
 .rodata        0x00000000000090f4       0x94 Output/Debug/Obj/twi_sensor_pca10040/nrfx_uarte.o
 .rodata.irq_handlers.8617
                0x0000000000009188        0x4 Output/Debug/Obj/twi_sensor_pca10040/nrfx_uarte.o
 .rodata        0x000000000000918c       0x95 Output/Debug/Obj/twi_sensor_pca10040/nrfx_gpiote.o
 *fill*         0x0000000000009221        0x3 
 .rodata        0x0000000000009224       0xcf Output/Debug/Obj/twi_sensor_pca10040/main.o
 *fill*         0x00000000000092f3        0xd 
 .rodata.delay_machine_code.7627
                0x0000000000009300        0x6 Output/Debug/Obj/twi_sensor_pca10040/main.o
 *fill*         0x0000000000009306        0x2 
 .rodata        0x0000000000009308       0x17 Output/Debug/Obj/twi_sensor_pca10040/SEGGER_RTT.o
 *fill*         0x000000000000931f        0x1 
 .rodata        0x0000000000009320       0x62 Output/Debug/Obj/twi_sensor_pca10040/bno055.o
 *fill*         0x0000000000009382        0x2 
 .rodata.libc.__RAL_find_locale.str1.4
                0x0000000000009384        0xa C:/Program Files/SEGGER/SEGGER Embedded Studio for ARM 5.20a/lib/libc_v7em_fpv4_sp_d16_hard_t_le_eabi.a(libc2.o)
 *fill*         0x000000000000938e        0x2 
 .rodata.libc.__RAL_ascii_ctype_map
                0x0000000000009390       0x80 C:/Program Files/SEGGER/SEGGER Embedded Studio for ARM 5.20a/lib/libc_v7em_fpv4_sp_d16_hard_t_le_eabi.a(libc2.o)
                0x0000000000009390                __RAL_ascii_ctype_map
 .rodata.libc.__RAL_ascii_ctype_mask
                0x0000000000009410        0xd C:/Program Files/SEGGER/SEGGER Embedded Studio for ARM 5.20a/lib/libc_v7em_fpv4_sp_d16_hard_t_le_eabi.a(libc2.o)
 *fill*         0x000000000000941d        0x3 
 .rodata.libc.__RAL_c_locale
                0x0000000000009420        0xc C:/Program Files/SEGGER/SEGGER Embedded Studio for ARM 5.20a/lib/libc_v7em_fpv4_sp_d16_hard_t_le_eabi.a(libc2.o)
                0x0000000000009420                __RAL_c_locale
 .rodata.libc.__RAL_c_locale_abbrev_day_names
                0x000000000000942c       0x1d C:/Program Files/SEGGER/SEGGER Embedded Studio for ARM 5.20a/lib/libc_v7em_fpv4_sp_d16_hard_t_le_eabi.a(libc2.o)
                0x000000000000942c                __RAL_c_locale_abbrev_day_names
 *fill*         0x0000000000009449        0x3 
 .rodata.libc.__RAL_c_locale_abbrev_month_names
                0x000000000000944c       0x31 C:/Program Files/SEGGER/SEGGER Embedded Studio for ARM 5.20a/lib/libc_v7em_fpv4_sp_d16_hard_t_le_eabi.a(libc2.o)
                0x000000000000944c                __RAL_c_locale_abbrev_month_names
 *fill*         0x000000000000947d        0x3 
 .rodata.libc.__RAL_c_locale_am_pm_indicator
                0x0000000000009480        0x7 C:/Program Files/SEGGER/SEGGER Embedded Studio for ARM 5.20a/lib/libc_v7em_fpv4_sp_d16_hard_t_le_eabi.a(libc2.o)
                0x0000000000009480                __RAL_c_locale_am_pm_indicator
 *fill*         0x0000000000009487        0x1 
 .rodata.libc.__RAL_c_locale_data
                0x0000000000009488       0x58 C:/Program Files/SEGGER/SEGGER Embedded Studio for ARM 5.20a/lib/libc_v7em_fpv4_sp_d16_hard_t_le_eabi.a(libc2.o)
                0x0000000000009488                __RAL_c_locale_data
 .rodata.libc.__RAL_c_locale_date_format
                0x00000000000094e0        0x9 C:/Program Files/SEGGER/SEGGER Embedded Studio for ARM 5.20a/lib/libc_v7em_fpv4_sp_d16_hard_t_le_eabi.a(libc2.o)
                0x00000000000094e0                __RAL_c_locale_date_format
 *fill*         0x00000000000094e9        0x3 
 .rodata.libc.__RAL_c_locale_date_time_format
                0x00000000000094ec        0xf C:/Program Files/SEGGER/SEGGER Embedded Studio for ARM 5.20a/lib/libc_v7em_fpv4_sp_d16_hard_t_le_eabi.a(libc2.o)
                0x00000000000094ec                __RAL_c_locale_date_time_format
 *fill*         0x00000000000094fb        0x1 
 .rodata.libc.__RAL_c_locale_day_names
                0x00000000000094fc       0x3a C:/Program Files/SEGGER/SEGGER Embedded Studio for ARM 5.20a/lib/libc_v7em_fpv4_sp_d16_hard_t_le_eabi.a(libc2.o)
                0x00000000000094fc                __RAL_c_locale_day_names
 *fill*         0x0000000000009536        0x2 
 .rodata.libc.__RAL_c_locale_month_names
                0x0000000000009538       0x57 C:/Program Files/SEGGER/SEGGER Embedded Studio for ARM 5.20a/lib/libc_v7em_fpv4_sp_d16_hard_t_le_eabi.a(libc2.o)
                0x0000000000009538                __RAL_c_locale_month_names
 *fill*         0x000000000000958f        0x1 
 .rodata.libc.__RAL_c_locale_time_format
                0x0000000000009590        0x9 C:/Program Files/SEGGER/SEGGER Embedded Studio for ARM 5.20a/lib/libc_v7em_fpv4_sp_d16_hard_t_le_eabi.a(libc2.o)
                0x0000000000009590                __RAL_c_locale_time_format
 *fill*         0x0000000000009599        0x3 
 .rodata.libc.__RAL_codeset_ascii
                0x000000000000959c       0x20 C:/Program Files/SEGGER/SEGGER Embedded Studio for ARM 5.20a/lib/libc_v7em_fpv4_sp_d16_hard_t_le_eabi.a(libc2.o)
                0x000000000000959c                __RAL_codeset_ascii
 .rodata.libc.__RAL_data_empty_string
                0x00000000000095bc        0x1 C:/Program Files/SEGGER/SEGGER Embedded Studio for ARM 5.20a/lib/libc_v7em_fpv4_sp_d16_hard_t_le_eabi.a(libc2.o)
                0x00000000000095bc                __RAL_data_empty_string
 *fill*         0x00000000000095bd        0x3 
 .rodata.libc.__RAL_data_utf8_period
                0x00000000000095c0        0x2 C:/Program Files/SEGGER/SEGGER Embedded Studio for ARM 5.20a/lib/libc_v7em_fpv4_sp_d16_hard_t_le_eabi.a(libc2.o)
                0x00000000000095c0                __RAL_data_utf8_period
                0x00000000000095c2                __rodata_end__ = (__rodata_start__ + SIZEOF (.rodata))
                0x0000000000000f56                __rodata_size__ = SIZEOF (.rodata)
                0x00000000000095c2                __rodata_load_end__ = __rodata_end__

.rel.dyn        0x00000000000095c4        0x0
 .rel.iplt      0x00000000000095c4        0x0 Output/Debug/Obj/twi_sensor_pca10040/thumb_crt0.o
                0x0000000000000001                . = ASSERT (((__rodata_start__ == __rodata_end__) || ((__rodata_end__ - __FLASH_segment_start__) <= __FLASH_segment_size__)), error: .rodata is too large to fit in FLASH memory segment)
                0x00000000000095c4                __ARM.exidx_load_start__ = ALIGN (__rodata_end__, 0x4)

.ARM.exidx      0x00000000000095c4        0x0
                0x00000000000095c4                __ARM.exidx_start__ = .
                0x00000000000095c4                __exidx_start = __ARM.exidx_start__
 *(.ARM.exidx .ARM.exidx.*)
                0x00000000000095c4                __ARM.exidx_end__ = (__ARM.exidx_start__ + SIZEOF (.ARM.exidx))
                0x0000000000000000                __ARM.exidx_size__ = SIZEOF (.ARM.exidx)
                0x00000000000095c4                __exidx_end = __ARM.exidx_end__
                0x00000000000095c4                __ARM.exidx_load_end__ = __ARM.exidx_end__
                0x0000000000000001                . = ASSERT (((__ARM.exidx_start__ == __ARM.exidx_end__) || ((__ARM.exidx_end__ - __FLASH_segment_start__) <= __FLASH_segment_size__)), error: .ARM.exidx is too large to fit in FLASH memory segment)
                0x00000000000095c4                __fast_load_start__ = ALIGN (__ARM.exidx_end__, 0x4)

.fast           0x0000000020000000        0x0 load address 0x00000000000095c4
                0x0000000020000000                __fast_start__ = .
 *(.fast .fast.*)
                0x0000000020000000                __fast_end__ = (__fast_start__ + SIZEOF (.fast))
                0x0000000000000000                __fast_size__ = SIZEOF (.fast)
                0x00000000000095c4                __fast_load_end__ = (__fast_load_start__ + SIZEOF (.fast))
                0x0000000000000001                . = ASSERT (((__fast_load_start__ == __fast_load_end__) || ((__fast_load_end__ - __FLASH_segment_start__) <= __FLASH_segment_size__)), error: .fast is too large to fit in FLASH memory segment)

.fast_run       0x0000000020000000        0x0
                0x0000000020000000                __fast_run_start__ = .
                0x0000000020000000                . = MAX ((__fast_run_start__ + SIZEOF (.fast)), .)
                0x0000000020000000                __fast_run_end__ = (__fast_run_start__ + SIZEOF (.fast_run))
                0x0000000000000000                __fast_run_size__ = SIZEOF (.fast_run)
                0x0000000020000000                __fast_run_load_end__ = __fast_run_end__
                0x0000000000000001                . = ASSERT (((__fast_run_start__ == __fast_run_end__) || ((__fast_run_end__ - __RAM_segment_start__) <= __RAM_segment_size__)), error: .fast_run is too large to fit in RAM memory segment)
                0x00000000000095c4                __data_load_start__ = ALIGN ((__fast_load_start__ + SIZEOF (.fast)), 0x4)

.data           0x0000000020000000       0x88 load address 0x00000000000095c4
                0x0000000020000000                __data_start__ = .
 *(.data .data.* .gnu.linkonce.d.*)
 .data.m_uart   0x0000000020000000       0x14 Output/Debug/Obj/twi_sensor_pca10040/nrf_log_backend_uart.o
                0x0000000020000000                m_uart
 .data.log_backend_cb_rtt_log_backend
                0x0000000020000014        0x8 Output/Debug/Obj/twi_sensor_pca10040/nrf_log_default_backends.o
 .data.log_backend_cb_uart_log_backend
                0x000000002000001c        0x8 Output/Debug/Obj/twi_sensor_pca10040/nrf_log_default_backends.o
 .data.severity_names
                0x0000000020000024       0x14 Output/Debug/Obj/twi_sensor_pca10040/nrf_log_str_formatter.o
 .data.m_colors
                0x0000000020000038       0x24 Output/Debug/Obj/twi_sensor_pca10040/nrf_log_str_formatter.o
 .data.config   0x000000002000005c        0x3 Output/Debug/Obj/twi_sensor_pca10040/main.o
                0x000000002000005c                config
 *fill*         0x000000002000005f        0x1 
 .data.SystemCoreClock
                0x0000000020000060        0x4 Output/Debug/Obj/twi_sensor_pca10040/system_nrf52.o
                0x0000000020000060                SystemCoreClock
 .data.m_twi    0x0000000020000064       0x10 Output/Debug/Obj/twi_sensor_pca10040/bno055.o
 .data.libc.__RAL_global_locale
                0x0000000020000074       0x14 C:/Program Files/SEGGER/SEGGER Embedded Studio for ARM 5.20a/lib/libc_v7em_fpv4_sp_d16_hard_t_le_eabi.a(libc2.o)
                0x0000000020000074                __RAL_global_locale
                0x0000000020000088                __data_end__ = (__data_start__ + SIZEOF (.data))
                0x0000000000000088                __data_size__ = SIZEOF (.data)
                0x000000000000964c                __data_load_end__ = (__data_load_start__ + SIZEOF (.data))

.igot.plt       0x0000000100000000        0x0
 .igot.plt      0x0000000100000000        0x0 Output/Debug/Obj/twi_sensor_pca10040/thumb_crt0.o
                0x0000000000000001                . = ASSERT (((__data_load_start__ == __data_load_end__) || ((__data_load_end__ - __FLASH_segment_start__) <= __FLASH_segment_size__)), error: .data is too large to fit in FLASH memory segment)

.data_run       0x0000000020000000       0x88 load address 0x00000000000095c4
                0x0000000020000000                __data_run_start__ = .
                0x0000000020000088                . = MAX ((__data_run_start__ + SIZEOF (.data)), .)
 *fill*         0x0000000020000000       0x88 
                0x0000000020000088                __data_run_end__ = (__data_run_start__ + SIZEOF (.data_run))